
 Start  Stop   Length Name               Class

 00000H 0386DH 0386EH _TEXT              CODE
 03870H 074C9H 03C5AH _BGI_TEXT          CODE
 074D0H 074D0H 00000H _FARDATA           FAR_DATA
 074D0H 074D0H 00000H _FARBSS            FAR_BSS
 074D0H 074D0H 00000H _OVERLAY_          OVRINFO
 074D0H 074D0H 00000H _1STUB_            STUBSEG
 074D0H 08221H 00D52H _DATA              DATA
 08222H 08223H 00002H _CVTSEG            DATA
 08224H 08229H 00006H _SCNSEG            DATA
 0822AH 0822AH 00000H GRAPH              DATA
 0822AH 0822AH 00000H _CONST             CONST
 0822AH 0823BH 00012H _INIT_             INITDATA
 0823CH 0823CH 00000H _INITEND_          INITDATA
 0823CH 0823CH 00000H _EXIT_             EXITDATA
 0823CH 0823CH 00000H _EXITEND_          EXITDATA
 0823CH 08681H 00446H _BSS               BSS
 08682H 08682H 00000H _BSSEND            BSSEND
 08690H 0870FH 00080H _STACK             STACK

  Address         Publics by Name

 0387:188F       @DGROUP
 074D:0000       DATASEG@
 0000:028D       DGROUP@
 0000:1D31       F_LDIV@
 0000:1D40       F_LMOD@
 0000:1D38       F_LUDIV@
 0000:1D48       F_LUMOD@
 0000:1CFB       F_LXMUL@
 0000:1D12       F_SCOPY@
 0000:1D31       LDIV@
 0000:1D40       LMOD@
 0000:1D38       LUDIV@
 0000:1D48       LUMOD@
 0000:1CFB       LXMUL@
 0000:1D2E       N_LDIV@
 0000:1D3D       N_LMOD@
 0000:1D35       N_LUDIV@
 0000:1D45       N_LUMOD@
 0000:1EFB       N_LXMUL@
 0000:1D12       SCOPY@
 0000:0278       _abort
 0000:12F8       _allcircle
 0387:12FB       _arc
 0000:1C4E       _atexit
 0387:1C68       _bar
 0387:1C8B       _bar3d
 0000:25AA       _brk
 0387:1326       _circle
 0000:02DE       _circle1
 0000:06C6       _circle10
 0000:0734       _circle11
 0000:07A2       _circle12
 0000:0810       _circle13
 0000:087E       _circle14
 0000:08EC       _circle15
 0000:095A       _circle16
 0000:0356       _circle2
 0000:03C4       _circle3
 0000:0432       _circle4
 0000:04A0       _circle5
 0000:050E       _circle6
 0000:057C       _circle7
 0000:05EA       _circle8
 0000:0658       _circle9
 0387:0EFD       _cleardevice
 0387:0FB3       _clearviewport
 0387:0E53       _closegraph
 0000:25C6       _clrscr
 074D:116C       _counta
 074D:1168       _countb
 0000:2722       _cprintf
 0000:2946       _delay
 0387:0656       _detectgraph
 074D:0D07       _directvideo
 0387:1C28       _drawpoly
 0387:1CCC       _ellipse
 0000:318F       _eof
 074D:0094       _errno
 0000:1CC0       _exit
 0000:3206       _fflush
 0000:3456       _fgetc
 0000:3501       _fgetchar
 0387:1CFC       _fillellipse
 0387:1C48       _fillpoly
 0000:13C1       _first
 074D:0D6C       _flag
 0387:1EEB       _floodfill
 0000:3283       _flushall
 0000:2BAC       _free
 0000:3318       _fseek
 0000:337C       _ftell
 0387:1D69       _getarccoords
 0387:1352       _getaspectratio
 0387:13FE       _getbkcolor
 0000:29A7       _getch
 0000:29C0       _getche
 0387:13ED       _getcolor
 0387:1DE9       _getdefaultpalette
 0387:10AF       _getdrivername
 0387:1264       _getfillpattern
 0387:1213       _getfillsettings
 0387:0DFE       _getgraphmode
 0387:209C       _getimage
 0387:115B       _getlinesettings
 0387:1DB3       _getmaxcolor
 0387:1E27       _getmaxmode
 0387:1089       _getmaxx
 0387:109C       _getmaxy
 0387:10D5       _getmodename
 0387:05B7       _getmoderange
 0387:14F8       _getpalette
 0387:1DCE       _getpalettesize
 0387:205B       _getpixel
 0000:350A       _gets
 0000:2A68       _gettext
 0387:15DB       _gettextsettings
 0387:0F94       _getviewsettings
 0387:106B       _getx
 0387:107A       _gety
 0000:2A1F       _gotoxy
 0387:0884       _graphdefaults
 0387:0193       _grapherrormsg
 0387:030D       _graphresult
 074D:0D7C       _i
 0387:1517       _imagesize
 0387:096A       _initgraph
 0387:0BDE       _installuserdriver
 0387:0CCC       _installuserfont
 0000:1E27       _isatty
 074D:0D74       _j
 074D:0D70       _k
 0000:2AFD       _kbhit
 0387:1C05       _line
 0000:09C8       _linefora11
 0000:0D3A       _linefora110
 0000:0D9C       _linefora111
 0000:0DFE       _linefora112
 0000:0A2A       _linefora12
 0000:0A8C       _linefora13
 0000:0AEE       _linefora14
 0000:0B50       _linefora15
 0000:0BB2       _linefora16
 0000:0C14       _linefora17
 0000:0C76       _linefora18
 0000:0CD8       _linefora19
 0000:0E60       _lineforb11
 0000:11D2       _lineforb110
 0000:1234       _lineforb111
 0000:1296       _lineforb112
 0000:0EC2       _lineforb12
 0000:0F24       _lineforb13
 0000:0F86       _lineforb14
 0000:0FE8       _lineforb15
 0000:104A       _lineforb16
 0000:10AC       _lineforb17
 0000:110E       _lineforb18
 0000:1170       _lineforb19
 0387:1120       _linerel
 0387:10F9       _lineto
 0000:1ED2       _lseek
 0000:1A73       _main
 0000:2C7B       _malloc
 0000:1344       _menu
 0387:104B       _moverel
 0000:2B0F       _movetext
 0387:1024       _moveto
 0387:15FA       _outtext
 0387:1F60       _outtextxy
 0387:1388       _pieslice
 0387:18D3       _postdevice
 0000:14EF       _programproper
 0000:2E23       _putch
 0387:154C       _putimage
 0387:207C       _putpixel
 0000:2ABC       _puttext
 0000:2DD2       _realloc
 0387:11BD       _rectangle
 0387:03F3       _registerfarbgidriver
 0387:04AC       _registerfarbgifont
 0387:0E21       _restorecrtmode
 0000:25B6       _sbrk
 0387:1D39       _sector
 0387:19F7       _setactivepage
 0387:140F       _setallpalette
 0387:1370       _setaspectratio
 0387:13B3       _setbkcolor
 0387:1D92       _setcolor
 0387:1284       _setfillpattern
 0387:1230       _setfillstyle
 0387:0580       _setgraphbufsize
 0387:0D76       _setgraphmode
 0387:117A       _setlinestyle
 0387:14B5       _setpalette
 0387:1E62       _setrgbpalette
 0387:1648       _settextjustify
 0387:1689       _settextstyle
 0387:1858       _setusercharsize
 0000:362B       _setvbuf
 0387:0F18       _setviewport
 0387:19D4       _setvisualpage
 0387:1A1D       _setwritemode
 074D:00AA       _size
 074D:0D80       _str
 0000:36F5       _strlen
 0000:1FDC       _tell
 0387:187E       _textheight
 0387:200D       _textwidth
 0000:0291       _triangle
 0000:29DD       _ungetch
 0000:316D       _wherex
 0000:317C       _wherey
 074D:0D78       _x
 0000:1000  Abs  __AHINCR
 0000:000C  Abs  __AHSHIFT
 074D:0ABC       __atexitcnt
 074D:1170       __atexittbl
 0387:1AE1       __autodetect
 074D:0674       __backcolor
 074D:05EF       __BGI_ADD
 074D:0452       __BGI_auto
 074D:044E       __BGI_ovr
 074D:00A2       __brklvl
 074D:0084       __C0argc
 074D:0086       __C0argv
 0000:27F4       __c0crtinit
 074D:0088       __C0environ
 074D:0D47       __cChar
 0000:1CE1       __cexit
 074D:0D46       __cFlag
 0000:016F       __checknull
 0000:015C       __cleanup
 0000:25EF       __CPUTN
 0000:2811       __crtinit
 0000:0000  Abs  __cvtfak
 0000:1CEF       __c_exit
 074D:05EB       __DDO_ADD
 074D:0C30       __doserrno
 0000:1E15       __DOSERROR
 074D:0C32       __dosErrorToSV
 074D:0672       __drawcolor
 074D:008A       __envLng
 074D:008C       __envseg
 074D:008E       __envSize
 0000:1CCF       __exit
 074D:0ABE       __exitbuf
 074D:0AC0       __exitfopen
 074D:0AC2       __exitopen
 0000:3445       __fgetc
 074D:0673       __fillcolor
 074D:0676       __fillstyle
 074D:0D48       __first
 074D:066A       __FON_ADD
 0000:29F9       __graphexit
 0000:2A05       __graphfreemem
 0000:2A11       __graphgetmem
 0387:0329       __GraphNotInstalled
 0387:22C0       __GRP_ovr
 0387:1BB4       __gr_cleardevice
 0387:1B52       __gr_detectgraph
 074D:0668       __gr_ErrCode
 0387:1E06       __gr_getmodename
 0387:1A90       __gr_imagesize
 0387:1BE8       __gr_lineto
 0387:1BCB       __gr_moveto
 0387:20D9       __gr_putimage
 0387:1995       __gr_restorecrtmode
 0387:1EA7       __gr_setallpalette
 0387:1E43       __gr_setbkcolor
 0387:1A40       __gr_setfillpattern
 0387:1F30       __gr_setfillstyle
 0387:195F       __gr_setgraphmode
 0387:1EC2       __gr_setlinestyle
 0387:1E88       __gr_setpalette
 0387:1A73       __gr_settextjustify
 0387:1F96       __gr_settextstyle
 0387:1FE7       __gr_setusercharsize
 0387:1933       __gr_setviewport
 0387:203A       __gr_textheight
 074D:009E       __heapbase
 074D:0C2E       __heaplen
 074D:00A6       __heaptop
 0387:1B8F       __initdevice
 0387:18EA       __installdevice
 074D:0074       __Int0Vector
 074D:0078       __Int4Vector
 074D:007C       __Int5Vector
 074D:0080       __Int6Vector
 0000:1DDC       __IOERROR
 074D:0D4A       __last
 074D:0675       __linestyle
 0000:1E38       __LONGTOA
 0000:028F       __MMODEL
 0000:3456       __Nfgetc
 074D:0C04       __nfile
 0000:29C0       __Ngetche
 0000:29DD       __Nungetch
 074D:0C06       __openfd
 074D:0092       __osmajor
 074D:0093       __osminor
 074D:0092       __osversion
 074D:067D       __OverScanColor
 074D:0090       __psp
 0000:1F12       __read
 0000:2E36       __REALCVT
 074D:0D52       __RealCvtVector
 0387:18EF       __reinstalldevice
 0000:01EC       __restorezero
 074D:0D4C       __rover
 074D:0D54       __ScanTodVector
 0000:2F66       __SCREENIO
 0000:3007       __SCROLL
 0000:1F3F       __setupio
 074D:0096       __StartTime
 074D:066E       __StatOfs
 074D:0670       __StatSeg
 074D:0C8C       __stklen
 074D:0AC4       __streams
 0000:0197       __terminate
 0000:0000  Abs  __turboCrt
 0000:1EB5       __UTOA
 0000:2FA2       __VALIDATEXY
 074D:0092       __version
 074D:0CF8       __video
 0000:2770       __VideoInt
 0000:200A       __VPRINTER
 0000:24B8       __VPTR
 0000:24DD       __VRAM
 0000:3163       __wherexy
 0000:3813       __write
 074D:0CF6       __wscroll
 0000:384D       __xfflush
 0000:2557       ___brk
 074D:009C       ___brklvl
 074D:009A       ___heapbase
 0387:0178       ___move
 0000:3563       ___read
 0000:2579       ___sbrk
 0000:370F       ___write

  Address         Publics by Value

 0000:0000  Abs  __turboCrt
 0000:0000  Abs  __cvtfak
 0000:000C  Abs  __AHSHIFT
 0000:1000  Abs  __AHINCR
 0000:015C       __cleanup
 0000:016F       __checknull
 0000:0197       __terminate
 0000:01EC       __restorezero
 0000:0278       _abort
 0000:028D       DGROUP@
 0000:028F       __MMODEL
 0000:0291       _triangle
 0000:02DE       _circle1
 0000:0356       _circle2
 0000:03C4       _circle3
 0000:0432       _circle4
 0000:04A0       _circle5
 0000:050E       _circle6
 0000:057C       _circle7
 0000:05EA       _circle8
 0000:0658       _circle9
 0000:06C6       _circle10
 0000:0734       _circle11
 0000:07A2       _circle12
 0000:0810       _circle13
 0000:087E       _circle14
 0000:08EC       _circle15
 0000:095A       _circle16
 0000:09C8       _linefora11
 0000:0A2A       _linefora12
 0000:0A8C       _linefora13
 0000:0AEE       _linefora14
 0000:0B50       _linefora15
 0000:0BB2       _linefora16
 0000:0C14       _linefora17
 0000:0C76       _linefora18
 0000:0CD8       _linefora19
 0000:0D3A       _linefora110
 0000:0D9C       _linefora111
 0000:0DFE       _linefora112
 0000:0E60       _lineforb11
 0000:0EC2       _lineforb12
 0000:0F24       _lineforb13
 0000:0F86       _lineforb14
 0000:0FE8       _lineforb15
 0000:104A       _lineforb16
 0000:10AC       _lineforb17
 0000:110E       _lineforb18
 0000:1170       _lineforb19
 0000:11D2       _lineforb110
 0000:1234       _lineforb111
 0000:1296       _lineforb112
 0000:12F8       _allcircle
 0000:1344       _menu
 0000:13C1       _first
 0000:14EF       _programproper
 0000:1A73       _main
 0000:1C4E       _atexit
 0000:1CC0       _exit
 0000:1CCF       __exit
 0000:1CE1       __cexit
 0000:1CEF       __c_exit
 0000:1CFB       F_LXMUL@
 0000:1CFB       LXMUL@
 0000:1D12       F_SCOPY@
 0000:1D12       SCOPY@
 0000:1D2E       N_LDIV@
 0000:1D31       F_LDIV@
 0000:1D31       LDIV@
 0000:1D35       N_LUDIV@
 0000:1D38       F_LUDIV@
 0000:1D38       LUDIV@
 0000:1D3D       N_LMOD@
 0000:1D40       F_LMOD@
 0000:1D40       LMOD@
 0000:1D45       N_LUMOD@
 0000:1D48       LUMOD@
 0000:1D48       F_LUMOD@
 0000:1DDC       __IOERROR
 0000:1E15       __DOSERROR
 0000:1E27       _isatty
 0000:1E38       __LONGTOA
 0000:1EB5       __UTOA
 0000:1ED2       _lseek
 0000:1EFB       N_LXMUL@
 0000:1F12       __read
 0000:1F3F       __setupio
 0000:1FDC       _tell
 0000:200A       __VPRINTER
 0000:24B8       __VPTR
 0000:24DD       __VRAM
 0000:2557       ___brk
 0000:2579       ___sbrk
 0000:25AA       _brk
 0000:25B6       _sbrk
 0000:25C6       _clrscr
 0000:25EF       __CPUTN
 0000:2722       _cprintf
 0000:2770       __VideoInt
 0000:27F4       __c0crtinit
 0000:2811       __crtinit
 0000:2946       _delay
 0000:29A7       _getch
 0000:29C0       __Ngetche
 0000:29C0       _getche
 0000:29DD       __Nungetch
 0000:29DD       _ungetch
 0000:29F9       __graphexit
 0000:2A05       __graphfreemem
 0000:2A11       __graphgetmem
 0000:2A1F       _gotoxy
 0000:2A68       _gettext
 0000:2ABC       _puttext
 0000:2AFD       _kbhit
 0000:2B0F       _movetext
 0000:2BAC       _free
 0000:2C7B       _malloc
 0000:2DD2       _realloc
 0000:2E23       _putch
 0000:2E36       __REALCVT
 0000:2F66       __SCREENIO
 0000:2FA2       __VALIDATEXY
 0000:3007       __SCROLL
 0000:3163       __wherexy
 0000:316D       _wherex
 0000:317C       _wherey
 0000:318F       _eof
 0000:3206       _fflush
 0000:3283       _flushall
 0000:3318       _fseek
 0000:337C       _ftell
 0000:3445       __fgetc
 0000:3456       __Nfgetc
 0000:3456       _fgetc
 0000:3501       _fgetchar
 0000:350A       _gets
 0000:3563       ___read
 0000:362B       _setvbuf
 0000:36F5       _strlen
 0000:370F       ___write
 0000:3813       __write
 0000:384D       __xfflush
 0387:0178       ___move
 0387:0193       _grapherrormsg
 0387:030D       _graphresult
 0387:0329       __GraphNotInstalled
 0387:03F3       _registerfarbgidriver
 0387:04AC       _registerfarbgifont
 0387:0580       _setgraphbufsize
 0387:05B7       _getmoderange
 0387:0656       _detectgraph
 0387:0884       _graphdefaults
 0387:096A       _initgraph
 0387:0BDE       _installuserdriver
 0387:0CCC       _installuserfont
 0387:0D76       _setgraphmode
 0387:0DFE       _getgraphmode
 0387:0E21       _restorecrtmode
 0387:0E53       _closegraph
 0387:0EFD       _cleardevice
 0387:0F18       _setviewport
 0387:0F94       _getviewsettings
 0387:0FB3       _clearviewport
 0387:1024       _moveto
 0387:104B       _moverel
 0387:106B       _getx
 0387:107A       _gety
 0387:1089       _getmaxx
 0387:109C       _getmaxy
 0387:10AF       _getdrivername
 0387:10D5       _getmodename
 0387:10F9       _lineto
 0387:1120       _linerel
 0387:115B       _getlinesettings
 0387:117A       _setlinestyle
 0387:11BD       _rectangle
 0387:1213       _getfillsettings
 0387:1230       _setfillstyle
 0387:1264       _getfillpattern
 0387:1284       _setfillpattern
 0387:12FB       _arc
 0387:1326       _circle
 0387:1352       _getaspectratio
 0387:1370       _setaspectratio
 0387:1388       _pieslice
 0387:13B3       _setbkcolor
 0387:13ED       _getcolor
 0387:13FE       _getbkcolor
 0387:140F       _setallpalette
 0387:14B5       _setpalette
 0387:14F8       _getpalette
 0387:1517       _imagesize
 0387:154C       _putimage
 0387:15DB       _gettextsettings
 0387:15FA       _outtext
 0387:1648       _settextjustify
 0387:1689       _settextstyle
 0387:1858       _setusercharsize
 0387:187E       _textheight
 0387:188F       @DGROUP
 0387:18D3       _postdevice
 0387:18EA       __installdevice
 0387:18EF       __reinstalldevice
 0387:1933       __gr_setviewport
 0387:195F       __gr_setgraphmode
 0387:1995       __gr_restorecrtmode
 0387:19D4       _setvisualpage
 0387:19F7       _setactivepage
 0387:1A1D       _setwritemode
 0387:1A40       __gr_setfillpattern
 0387:1A73       __gr_settextjustify
 0387:1A90       __gr_imagesize
 0387:1AE1       __autodetect
 0387:1B52       __gr_detectgraph
 0387:1B8F       __initdevice
 0387:1BB4       __gr_cleardevice
 0387:1BCB       __gr_moveto
 0387:1BE8       __gr_lineto
 0387:1C05       _line
 0387:1C28       _drawpoly
 0387:1C48       _fillpoly
 0387:1C68       _bar
 0387:1C8B       _bar3d
 0387:1CCC       _ellipse
 0387:1CFC       _fillellipse
 0387:1D39       _sector
 0387:1D69       _getarccoords
 0387:1D92       _setcolor
 0387:1DB3       _getmaxcolor
 0387:1DCE       _getpalettesize
 0387:1DE9       _getdefaultpalette
 0387:1E06       __gr_getmodename
 0387:1E27       _getmaxmode
 0387:1E43       __gr_setbkcolor
 0387:1E62       _setrgbpalette
 0387:1E88       __gr_setpalette
 0387:1EA7       __gr_setallpalette
 0387:1EC2       __gr_setlinestyle
 0387:1EEB       _floodfill
 0387:1F30       __gr_setfillstyle
 0387:1F60       _outtextxy
 0387:1F96       __gr_settextstyle
 0387:1FE7       __gr_setusercharsize
 0387:200D       _textwidth
 0387:203A       __gr_textheight
 0387:205B       _getpixel
 0387:207C       _putpixel
 0387:209C       _getimage
 0387:20D9       __gr_putimage
 0387:22C0       __GRP_ovr
 074D:0000       DATASEG@
 074D:0074       __Int0Vector
 074D:0078       __Int4Vector
 074D:007C       __Int5Vector
 074D:0080       __Int6Vector
 074D:0084       __C0argc
 074D:0086       __C0argv
 074D:0088       __C0environ
 074D:008A       __envLng
 074D:008C       __envseg
 074D:008E       __envSize
 074D:0090       __psp
 074D:0092       __osversion
 074D:0092       __osmajor
 074D:0092       __version
 074D:0093       __osminor
 074D:0094       _errno
 074D:0096       __StartTime
 074D:009A       ___heapbase
 074D:009C       ___brklvl
 074D:009E       __heapbase
 074D:00A2       __brklvl
 074D:00A6       __heaptop
 074D:00AA       _size
 074D:044E       __BGI_ovr
 074D:0452       __BGI_auto
 074D:05EB       __DDO_ADD
 074D:05EF       __BGI_ADD
 074D:0668       __gr_ErrCode
 074D:066A       __FON_ADD
 074D:066E       __StatOfs
 074D:0670       __StatSeg
 074D:0672       __drawcolor
 074D:0673       __fillcolor
 074D:0674       __backcolor
 074D:0675       __linestyle
 074D:0676       __fillstyle
 074D:067D       __OverScanColor
 074D:0ABC       __atexitcnt
 074D:0ABE       __exitbuf
 074D:0AC0       __exitfopen
 074D:0AC2       __exitopen
 074D:0AC4       __streams
 074D:0C04       __nfile
 074D:0C06       __openfd
 074D:0C2E       __heaplen
 074D:0C30       __doserrno
 074D:0C32       __dosErrorToSV
 074D:0C8C       __stklen
 074D:0CF6       __wscroll
 074D:0CF8       __video
 074D:0D07       _directvideo
 074D:0D46       __cFlag
 074D:0D47       __cChar
 074D:0D48       __first
 074D:0D4A       __last
 074D:0D4C       __rover
 074D:0D52       __RealCvtVector
 074D:0D54       __ScanTodVector
 074D:0D6C       _flag
 074D:0D70       _k
 074D:0D74       _j
 074D:0D78       _x
 074D:0D7C       _i
 074D:0D80       _str
 074D:1168       _countb
 074D:116C       _counta
 074D:1170       __atexittbl

Program entry point at 0000:0000

