
 Start  Stop   Length Name               Class

 00000H 034C9H 034CAH _TEXT              CODE
 034D0H 07129H 03C5AH _BGI_TEXT          CODE
 07130H 07130H 00000H _FARDATA           FAR_DATA
 07130H 07130H 00000H _FARBSS            FAR_BSS
 07130H 07130H 00000H _OVERLAY_          OVRINFO
 07130H 07130H 00000H _1STUB_            STUBSEG
 07130H 08319H 011EAH _DATA              DATA
 0831AH 0831BH 00002H _CVTSEG            DATA
 0831CH 08321H 00006H _SCNSEG            DATA
 08322H 08322H 00000H GRAPH              DATA
 08322H 08322H 00000H _CONST             CONST
 08322H 0832DH 0000CH _INIT_             INITDATA
 0832EH 0832EH 00000H _INITEND_          INITDATA
 0832EH 0832EH 00000H _EXIT_             EXITDATA
 0832EH 0832EH 00000H _EXITEND_          EXITDATA
 0832EH 08373H 00046H _BSS               BSS
 08374H 08374H 00000H _BSSEND            BSSEND
 08380H 083FFH 00080H _STACK             STACK

  Address         Publics by Name

 0000:0E14       operator delete(void near*)
 0000:10C2       operator new(unsigned int)
 0000:0DB6       context_free_grammar::context_free_grammar()
 0000:0DD6       context_free_grammar::~context_free_grammar()
 0000:091C       context_free_grammar::first()
 034D:188F       @DGROUP
 0000:0D08       display_1::display_1()
 0000:0D28       display_1::~display_1()
 0000:0291       display_1::display_1_process()
 0000:0D42       display_2::display_2()
 0000:0D62       display_2::~display_2()
 0000:052B       display_2::display_2_process()
 0000:349B       ios::~ios()
 0713:11D8       ios::adjustfield
 0713:11D4       ios::basefield
 0713:11DC       ios::floatfield
 0713:11E0       ios::nextbit
 0713:11E6       ios::stdioflush
 0713:11E4       ios::usercount
 0000:0D7C       parse_tree::parse_tree()
 0000:0D9C       parse_tree::~parse_tree()
 0000:0627       parse_tree::parse_tree_process()
 0000:10A9       set_new_handler(void(near*)())
 0713:0000       DATASEG@
 0000:028D       DGROUP@
 0000:0EDF       F_LDIV@
 0000:0EEE       F_LMOD@
 0000:0EE6       F_LUDIV@
 0000:0EF6       F_LUMOD@
 0000:0EA9       F_LXMUL@
 0000:0EC0       F_SCOPY@
 0000:0EDF       LDIV@
 0000:0EEE       LMOD@
 0000:0EE6       LUDIV@
 0000:0EF6       LUMOD@
 0000:0EA9       LXMUL@
 0000:0EDC       N_LDIV@
 0000:0EEB       N_LMOD@
 0000:0EE3       N_LUDIV@
 0000:0EF3       N_LUMOD@
 0000:0EC0       SCOPY@
 0000:0278       _abort
 034D:12FB       _arc
 0000:0DF0       _atexit
 034D:1C68       _bar
 034D:1C8B       _bar3d
 0000:1DD1       _brk
 034D:1326       _circle
 034D:0EFD       _cleardevice
 034D:0FB3       _clearviewport
 034D:0E53       _closegraph
 0000:1DED       _clrscr
 0713:0126       _countz
 0000:1F49       _cprintf
 034D:0656       _detectgraph
 0713:118B       _directvideo
 034D:1C28       _drawpoly
 034D:1CCC       _ellipse
 0000:2925       _eof
 0713:0094       _errno
 0000:0E6E       _exit
 0000:299C       _fflush
 0000:2BEC       _fgetc
 0000:2C97       _fgetchar
 034D:1CFC       _fillellipse
 034D:1C48       _fillpoly
 034D:1EEB       _floodfill
 0000:2A19       _flushall
 0000:2D46       _fputc
 0000:2E6B       _fputchar
 0000:2336       _free
 0000:2AAE       _fseek
 0000:2B12       _ftell
 034D:1D69       _getarccoords
 034D:1352       _getaspectratio
 034D:13FE       _getbkcolor
 0000:2131       _getch
 0000:214A       _getche
 034D:13ED       _getcolor
 034D:1DE9       _getdefaultpalette
 034D:10AF       _getdrivername
 034D:1264       _getfillpattern
 034D:1213       _getfillsettings
 034D:0DFE       _getgraphmode
 034D:209C       _getimage
 034D:115B       _getlinesettings
 034D:1DB3       _getmaxcolor
 034D:1E27       _getmaxmode
 034D:1089       _getmaxx
 034D:109C       _getmaxy
 034D:10D5       _getmodename
 034D:05B7       _getmoderange
 034D:14F8       _getpalette
 034D:1DCE       _getpalettesize
 034D:205B       _getpixel
 0000:2CA0       _gets
 0000:21F2       _gettext
 034D:15DB       _gettextsettings
 034D:0F94       _getviewsettings
 034D:106B       _getx
 034D:107A       _gety
 0000:21A9       _gotoxy
 034D:0884       _graphdefaults
 034D:0193       _grapherrormsg
 034D:030D       _graphresult
 034D:1517       _imagesize
 034D:096A       _initgraph
 034D:0BDE       _installuserdriver
 034D:0CCC       _installuserfont
 0000:0FD5       _isatty
 0000:2287       _kbhit
 034D:1C05       _line
 034D:1120       _linerel
 034D:10F9       _lineto
 0000:1080       _lseek
 0000:0CD9       _main
 0000:2405       _malloc
 0000:2CF9       _memcpy
 034D:104B       _moverel
 0000:2299       _movetext
 034D:1024       _moveto
 0713:0111       _o
 034D:15FA       _outtext
 034D:1F60       _outtextxy
 0713:0112       _palprime
 034D:1388       _pieslice
 034D:18D3       _postdevice
 0713:010E       _pr
 0000:2D18       _printf
 0000:25AD       _putch
 034D:154C       _putimage
 034D:207C       _putpixel
 0000:2246       _puttext
 0713:0110       _pw
 0000:255C       _realloc
 034D:11BD       _rectangle
 034D:03F3       _registerfarbgidriver
 034D:04AC       _registerfarbgifont
 034D:0E21       _restorecrtmode
 0000:1DDD       _sbrk
 034D:1D39       _sector
 034D:19F7       _setactivepage
 034D:140F       _setallpalette
 034D:1370       _setaspectratio
 034D:13B3       _setbkcolor
 034D:1D92       _setcolor
 034D:1284       _setfillpattern
 034D:1230       _setfillstyle
 034D:0580       _setgraphbufsize
 034D:0D76       _setgraphmode
 034D:117A       _setlinestyle
 034D:14B5       _setpalette
 034D:1E62       _setrgbpalette
 034D:1648       _settextjustify
 034D:1689       _settextstyle
 034D:1858       _setusercharsize
 0000:30D5       _setvbuf
 034D:0F18       _setviewport
 034D:19D4       _setvisualpage
 034D:1A1D       _setwritemode
 0000:31CA       _sscanf
 0000:3205       _strcmp
 0000:3234       _strcpy
 0000:3256       _strlen
 0713:00AA       _strpar
 0000:3270       _strrev
 0000:32A0       _strtok
 0000:331C       _strupr
 0000:1803       _tell
 034D:187E       _textheight
 034D:200D       _textwidth
 0000:2167       _ungetch
 0000:31E8       _vsscanf
 0000:2903       _wherex
 0000:2912       _wherey
 0000:1000  Abs  __AHINCR
 0000:000C  Abs  __AHSHIFT
 0713:0DBC       __atexitcnt
 0713:11FE       __atexittbl
 034D:1AE1       __autodetect
 0713:0974       __backcolor
 0713:08EF       __BGI_ADD
 0713:0752       __BGI_auto
 0713:074E       __BGI_ovr
 0713:00A2       __brklvl
 0713:0084       __C0argc
 0713:0086       __C0argv
 0000:201B       __c0crtinit
 0713:0088       __C0environ
 0713:11C7       __cChar
 0000:0E8F       __cexit
 0713:11C6       __cFlag
 0000:016F       __checknull
 0000:015C       __cleanup
 0000:1E16       __CPUTN
 0000:2038       __crtinit
 0713:0DBE       __ctype
 0000:0000  Abs  __cvtfak
 0000:0E9D       __c_exit
 0713:08EB       __DDO_ADD
 0713:1032       __doserrno
 0000:0FC3       __DOSERROR
 0713:1034       __dosErrorToSV
 0713:0972       __drawcolor
 0713:008A       __envLng
 0713:008C       __envseg
 0713:008E       __envSize
 0000:0E7D       __exit
 0713:0EC0       __exitbuf
 0713:0EC2       __exitfopen
 0713:0EC4       __exitopen
 0000:2BDB       __fgetc
 0713:0973       __fillcolor
 0713:0976       __fillstyle
 0713:11C8       __first
 0713:096A       __FON_ADD
 0000:2D2F       __fputc
 0000:2E7C       __FPUTN
 0000:2183       __graphexit
 0000:218F       __graphfreemem
 0000:219B       __graphgetmem
 034D:0329       __GraphNotInstalled
 034D:22C0       __GRP_ovr
 034D:1BB4       __gr_cleardevice
 034D:1B52       __gr_detectgraph
 0713:0968       __gr_ErrCode
 034D:1E06       __gr_getmodename
 034D:1A90       __gr_imagesize
 034D:1BE8       __gr_lineto
 034D:1BCB       __gr_moveto
 034D:20D9       __gr_putimage
 034D:1995       __gr_restorecrtmode
 034D:1EA7       __gr_setallpalette
 034D:1E43       __gr_setbkcolor
 034D:1A40       __gr_setfillpattern
 034D:1F30       __gr_setfillstyle
 034D:195F       __gr_setgraphmode
 034D:1EC2       __gr_setlinestyle
 034D:1E88       __gr_setpalette
 034D:1A73       __gr_settextjustify
 034D:1F96       __gr_settextstyle
 034D:1FE7       __gr_setusercharsize
 034D:1933       __gr_setviewport
 034D:203A       __gr_textheight
 0713:009E       __heapbase
 0713:1030       __heaplen
 0713:00A6       __heaptop
 034D:1B8F       __initdevice
 034D:18EA       __installdevice
 0713:0074       __Int0Vector
 0713:0078       __Int4Vector
 0713:007C       __Int5Vector
 0713:0080       __Int6Vector
 0000:0F8A       __IOERROR
 0713:11CA       __last
 0713:0975       __linestyle
 0000:0FE6       __LONGTOA
 0000:028F       __MMODEL
 0713:108E       __new_handler
 0000:2BEC       __Nfgetc
 0713:1006       __nfile
 0000:214A       __Ngetche
 0000:2167       __Nungetch
 0713:1008       __openfd
 0713:0092       __osmajor
 0713:0093       __osminor
 0713:0092       __osversion
 0713:097D       __OverScanColor
 0713:0090       __psp
 0000:10FA       __read
 0000:25C0       __REALCVT
 0713:11EA       __RealCvtVector
 034D:18EF       __reinstalldevice
 0000:01EC       __restorezero
 0713:11CC       __rover
 0000:1127       __scanner
 0000:25CC       __scanpop
 0000:25C8       __scanrslt
 0000:25C4       __scantod
 0713:11EC       __ScanTodVector
 0000:15E7       __scantol
 0000:26FC       __SCREENIO
 0000:279D       __SCROLL
 0000:1766       __setupio
 0713:0096       __StartTime
 0713:096E       __StatOfs
 0713:0970       __StatSeg
 0713:1110       __stklen
 0713:0EC6       __streams
 0000:0197       __terminate
 0000:0000  Abs  __turboCrt
 0000:1063       __UTOA
 0000:2738       __VALIDATEXY
 0713:0092       __version
 0713:117C       __video
 0000:1F97       __VideoInt
 0000:1831       __VPRINTER
 0000:1CDF       __VPTR
 0000:1D04       __VRAM
 0000:28F9       __wherexy
 0000:3440       __write
 0713:117A       __wscroll
 0000:347A       __xfflush
 0000:1D7E       ___brk
 0713:009C       ___brklvl
 0713:009A       ___heapbase
 034D:0178       ___move
 0000:300D       ___read
 0000:1DA0       ___sbrk
 0000:333C       ___write

  Address         Publics by Value

 0000:0000  Abs  __turboCrt
 0000:0000  Abs  __cvtfak
 0000:000C  Abs  __AHSHIFT
 0000:1000  Abs  __AHINCR
 0000:015C       __cleanup
 0000:016F       __checknull
 0000:0197       __terminate
 0000:01EC       __restorezero
 0000:0278       _abort
 0000:028D       DGROUP@
 0000:028F       __MMODEL
 0000:0291       display_1::display_1_process()
 0000:052B       display_2::display_2_process()
 0000:0627       parse_tree::parse_tree_process()
 0000:091C       context_free_grammar::first()
 0000:0CD9       _main
 0000:0D08       display_1::display_1()
 0000:0D28       display_1::~display_1()
 0000:0D42       display_2::display_2()
 0000:0D62       display_2::~display_2()
 0000:0D7C       parse_tree::parse_tree()
 0000:0D9C       parse_tree::~parse_tree()
 0000:0DB6       context_free_grammar::context_free_grammar()
 0000:0DD6       context_free_grammar::~context_free_grammar()
 0000:0DF0       _atexit
 0000:0E14       operator delete(void near*)
 0000:0E6E       _exit
 0000:0E7D       __exit
 0000:0E8F       __cexit
 0000:0E9D       __c_exit
 0000:0EA9       F_LXMUL@
 0000:0EA9       LXMUL@
 0000:0EC0       F_SCOPY@
 0000:0EC0       SCOPY@
 0000:0EDC       N_LDIV@
 0000:0EDF       F_LDIV@
 0000:0EDF       LDIV@
 0000:0EE3       N_LUDIV@
 0000:0EE6       F_LUDIV@
 0000:0EE6       LUDIV@
 0000:0EEB       N_LMOD@
 0000:0EEE       F_LMOD@
 0000:0EEE       LMOD@
 0000:0EF3       N_LUMOD@
 0000:0EF6       LUMOD@
 0000:0EF6       F_LUMOD@
 0000:0F8A       __IOERROR
 0000:0FC3       __DOSERROR
 0000:0FD5       _isatty
 0000:0FE6       __LONGTOA
 0000:1063       __UTOA
 0000:1080       _lseek
 0000:10A9       set_new_handler(void(near*)())
 0000:10C2       operator new(unsigned int)
 0000:10FA       __read
 0000:1127       __scanner
 0000:15E7       __scantol
 0000:1766       __setupio
 0000:1803       _tell
 0000:1831       __VPRINTER
 0000:1CDF       __VPTR
 0000:1D04       __VRAM
 0000:1D7E       ___brk
 0000:1DA0       ___sbrk
 0000:1DD1       _brk
 0000:1DDD       _sbrk
 0000:1DED       _clrscr
 0000:1E16       __CPUTN
 0000:1F49       _cprintf
 0000:1F97       __VideoInt
 0000:201B       __c0crtinit
 0000:2038       __crtinit
 0000:2131       _getch
 0000:214A       __Ngetche
 0000:214A       _getche
 0000:2167       __Nungetch
 0000:2167       _ungetch
 0000:2183       __graphexit
 0000:218F       __graphfreemem
 0000:219B       __graphgetmem
 0000:21A9       _gotoxy
 0000:21F2       _gettext
 0000:2246       _puttext
 0000:2287       _kbhit
 0000:2299       _movetext
 0000:2336       _free
 0000:2405       _malloc
 0000:255C       _realloc
 0000:25AD       _putch
 0000:25C0       __REALCVT
 0000:25C4       __scantod
 0000:25C8       __scanrslt
 0000:25CC       __scanpop
 0000:26FC       __SCREENIO
 0000:2738       __VALIDATEXY
 0000:279D       __SCROLL
 0000:28F9       __wherexy
 0000:2903       _wherex
 0000:2912       _wherey
 0000:2925       _eof
 0000:299C       _fflush
 0000:2A19       _flushall
 0000:2AAE       _fseek
 0000:2B12       _ftell
 0000:2BDB       __fgetc
 0000:2BEC       __Nfgetc
 0000:2BEC       _fgetc
 0000:2C97       _fgetchar
 0000:2CA0       _gets
 0000:2CF9       _memcpy
 0000:2D18       _printf
 0000:2D2F       __fputc
 0000:2D46       _fputc
 0000:2E6B       _fputchar
 0000:2E7C       __FPUTN
 0000:300D       ___read
 0000:30D5       _setvbuf
 0000:31CA       _sscanf
 0000:31E8       _vsscanf
 0000:3205       _strcmp
 0000:3234       _strcpy
 0000:3256       _strlen
 0000:3270       _strrev
 0000:32A0       _strtok
 0000:331C       _strupr
 0000:333C       ___write
 0000:3440       __write
 0000:347A       __xfflush
 0000:349B       ios::~ios()
 034D:0178       ___move
 034D:0193       _grapherrormsg
 034D:030D       _graphresult
 034D:0329       __GraphNotInstalled
 034D:03F3       _registerfarbgidriver
 034D:04AC       _registerfarbgifont
 034D:0580       _setgraphbufsize
 034D:05B7       _getmoderange
 034D:0656       _detectgraph
 034D:0884       _graphdefaults
 034D:096A       _initgraph
 034D:0BDE       _installuserdriver
 034D:0CCC       _installuserfont
 034D:0D76       _setgraphmode
 034D:0DFE       _getgraphmode
 034D:0E21       _restorecrtmode
 034D:0E53       _closegraph
 034D:0EFD       _cleardevice
 034D:0F18       _setviewport
 034D:0F94       _getviewsettings
 034D:0FB3       _clearviewport
 034D:1024       _moveto
 034D:104B       _moverel
 034D:106B       _getx
 034D:107A       _gety
 034D:1089       _getmaxx
 034D:109C       _getmaxy
 034D:10AF       _getdrivername
 034D:10D5       _getmodename
 034D:10F9       _lineto
 034D:1120       _linerel
 034D:115B       _getlinesettings
 034D:117A       _setlinestyle
 034D:11BD       _rectangle
 034D:1213       _getfillsettings
 034D:1230       _setfillstyle
 034D:1264       _getfillpattern
 034D:1284       _setfillpattern
 034D:12FB       _arc
 034D:1326       _circle
 034D:1352       _getaspectratio
 034D:1370       _setaspectratio
 034D:1388       _pieslice
 034D:13B3       _setbkcolor
 034D:13ED       _getcolor
 034D:13FE       _getbkcolor
 034D:140F       _setallpalette
 034D:14B5       _setpalette
 034D:14F8       _getpalette
 034D:1517       _imagesize
 034D:154C       _putimage
 034D:15DB       _gettextsettings
 034D:15FA       _outtext
 034D:1648       _settextjustify
 034D:1689       _settextstyle
 034D:1858       _setusercharsize
 034D:187E       _textheight
 034D:188F       @DGROUP
 034D:18D3       _postdevice
 034D:18EA       __installdevice
 034D:18EF       __reinstalldevice
 034D:1933       __gr_setviewport
 034D:195F       __gr_setgraphmode
 034D:1995       __gr_restorecrtmode
 034D:19D4       _setvisualpage
 034D:19F7       _setactivepage
 034D:1A1D       _setwritemode
 034D:1A40       __gr_setfillpattern
 034D:1A73       __gr_settextjustify
 034D:1A90       __gr_imagesize
 034D:1AE1       __autodetect
 034D:1B52       __gr_detectgraph
 034D:1B8F       __initdevice
 034D:1BB4       __gr_cleardevice
 034D:1BCB       __gr_moveto
 034D:1BE8       __gr_lineto
 034D:1C05       _line
 034D:1C28       _drawpoly
 034D:1C48       _fillpoly
 034D:1C68       _bar
 034D:1C8B       _bar3d
 034D:1CCC       _ellipse
 034D:1CFC       _fillellipse
 034D:1D39       _sector
 034D:1D69       _getarccoords
 034D:1D92       _setcolor
 034D:1DB3       _getmaxcolor
 034D:1DCE       _getpalettesize
 034D:1DE9       _getdefaultpalette
 034D:1E06       __gr_getmodename
 034D:1E27       _getmaxmode
 034D:1E43       __gr_setbkcolor
 034D:1E62       _setrgbpalette
 034D:1E88       __gr_setpalette
 034D:1EA7       __gr_setallpalette
 034D:1EC2       __gr_setlinestyle
 034D:1EEB       _floodfill
 034D:1F30       __gr_setfillstyle
 034D:1F60       _outtextxy
 034D:1F96       __gr_settextstyle
 034D:1FE7       __gr_setusercharsize
 034D:200D       _textwidth
 034D:203A       __gr_textheight
 034D:205B       _getpixel
 034D:207C       _putpixel
 034D:209C       _getimage
 034D:20D9       __gr_putimage
 034D:22C0       __GRP_ovr
 0713:0000       DATASEG@
 0713:0074       __Int0Vector
 0713:0078       __Int4Vector
 0713:007C       __Int5Vector
 0713:0080       __Int6Vector
 0713:0084       __C0argc
 0713:0086       __C0argv
 0713:0088       __C0environ
 0713:008A       __envLng
 0713:008C       __envseg
 0713:008E       __envSize
 0713:0090       __psp
 0713:0092       __osversion
 0713:0092       __osmajor
 0713:0092       __version
 0713:0093       __osminor
 0713:0094       _errno
 0713:0096       __StartTime
 0713:009A       ___heapbase
 0713:009C       ___brklvl
 0713:009E       __heapbase
 0713:00A2       __brklvl
 0713:00A6       __heaptop
 0713:00AA       _strpar
 0713:010E       _pr
 0713:0110       _pw
 0713:0111       _o
 0713:0112       _palprime
 0713:0126       _countz
 0713:074E       __BGI_ovr
 0713:0752       __BGI_auto
 0713:08EB       __DDO_ADD
 0713:08EF       __BGI_ADD
 0713:0968       __gr_ErrCode
 0713:096A       __FON_ADD
 0713:096E       __StatOfs
 0713:0970       __StatSeg
 0713:0972       __drawcolor
 0713:0973       __fillcolor
 0713:0974       __backcolor
 0713:0975       __linestyle
 0713:0976       __fillstyle
 0713:097D       __OverScanColor
 0713:0DBC       __atexitcnt
 0713:0DBE       __ctype
 0713:0EC0       __exitbuf
 0713:0EC2       __exitfopen
 0713:0EC4       __exitopen
 0713:0EC6       __streams
 0713:1006       __nfile
 0713:1008       __openfd
 0713:1030       __heaplen
 0713:1032       __doserrno
 0713:1034       __dosErrorToSV
 0713:108E       __new_handler
 0713:1110       __stklen
 0713:117A       __wscroll
 0713:117C       __video
 0713:118B       _directvideo
 0713:11C6       __cFlag
 0713:11C7       __cChar
 0713:11C8       __first
 0713:11CA       __last
 0713:11CC       __rover
 0713:11D4       ios::basefield
 0713:11D8       ios::adjustfield
 0713:11DC       ios::floatfield
 0713:11E0       ios::nextbit
 0713:11E4       ios::usercount
 0713:11E6       ios::stdioflush
 0713:11EA       __RealCvtVector
 0713:11EC       __ScanTodVector
 0713:11FE       __atexittbl

Program entry point at 0000:0000

