
 Start  Stop   Length Name               Class

 00000H 07655H 07656H _TEXT              CODE
 07660H 0B2B9H 03C5AH _BGI_TEXT          CODE
 0B2C0H 0DA36H 02777H EMU_PROG           CODE
 0DA40H 0E007H 005C8H E87_PROG           CODE
 0E010H 0E010H 00000H _FARDATA           FAR_DATA
 0E010H 0E010H 00000H _FARBSS            FAR_BSS
 0E010H 0E010H 00000H _OVERLAY_          OVRINFO
 0E010H 0E010H 00000H _1STUB_            STUBSEG
 0E010H 0F339H 0132AH _DATA              DATA
 0F33AH 0F33DH 00004H _CVTSEG            DATA
 0F33EH 0F343H 00006H _SCNSEG            DATA
 0F344H 0F344H 00000H GRAPH              DATA
 0F344H 0F344H 00000H _CONST             CONST
 0F344H 0F35BH 00018H _INIT_             INITDATA
 0F35CH 0F35CH 00000H _INITEND_          INITDATA
 0F35CH 0F361H 00006H _EXIT_             EXITDATA
 0F362H 0F362H 00000H _EXITEND_          EXITDATA
 0F362H 0F3A7H 00046H _BSS               BSS
 0F3A8H 0F3A8H 00000H _BSSEND            BSSEND
 0F3B0H 0F42FH 00080H _STACK             STACK

  Address         Publics by Name

 0000:076A       Background()
 0000:0F6C       Blink(int,int,int)
 0000:0CD7       check()
 0000:50E5       cong()
 0766:188F       @DGROUP
 0000:0AC2       DrawBoard()
 0000:058F       Drawborder(int,int)
 0000:029F       easybrain()
 0000:1441       finish()
 0000:0C51       G()
 0000:0E84       GetBoard(int,int)
 0000:0E1C       GetXY(int,int)
 0000:36D2       hardbrain()
 0000:39C2       hBackground()
 0000:41D8       hBlink(int,int,int)
 0000:3F43       hcheck()
 0000:3D1A       hDrawBoard()
 0000:37E7       hDrawborder(int,int)
 0000:46AD       hfinish()
 0000:3EBD       hG()
 0000:40F0       hGetBoard(int,int)
 0000:4088       hGetXY(int,int)
 0000:44E3       hInit()
 0000:4C5D       hLCD(int,int,int)
 0000:4BEB       hLcd(int,int,int)
 0000:42A0       hMakeMove(int,int)
 0000:3707       hMarble(int,int,int)
 0000:3797       hmydelay(float)
 0000:4169       hSetBoard(int,int,int)
 0000:48C9       hwin(char near*,int,int,int,int,int)
 0000:4AFB       hwinp(int,int,int,int,int)
 0000:1277       Init()
 0000:03EA       Intro()
 0000:197F       Lcd(int,int,int)
 0000:19F1       LCD(int,int,int)
 0000:4F8B       loading()
 0000:1034       MakeMove(int,int)
 0000:0306       Marble(int,int,int)
 0000:211D       mBackground()
 0000:291F       mBlink(int,int,int)
 0000:268A       mcheck()
 0000:2475       mDrawBoard()
 0000:1F42       mDrawborder(int,int)
 0000:1D1F       mediumbrain()
 0000:2DF4       mfinish()
 0000:2604       mG()
 0000:2837       mGetBoard(int,int)
 0000:27CF       mGetXY(int,int)
 0000:2C2A       mInit()
 0000:1E34       mIntro()
 0000:33A4       mLCD(int,int,int)
 0000:3332       mLcd(int,int,int)
 0000:29E7       mMakeMove(int,int)
 0000:1D54       mMarble(int,int,int)
 0000:1DE4       mmydelay(float)
 0000:28B0       mSetBoard(int,int,int)
 0000:3010       mwin(char near*,int,int,int,int,int)
 0000:3242       mwinp(int,int,int,int,int)
 0000:0396       mydelay(float)
 0000:0EFD       SetBoard(int,int,int)
 0000:165D       win(char near*,int,int,int,int,int)
 0000:188F       winp(int,int,int,int,int)
 0E01:0000       DATASEG@
 0000:028D       DGROUP@
 0B2C:2152       e086_Entry
 0B2C:26E0       e086_Shortcut
 0DA4:0306       e087_Entry
 0DA4:03C6       e087_Shortcut
 0DA4:0430       e087_Trap
 0000:FE32  Abs  FIARQQ
 0000:0E32  Abs  FICRQQ
 0000:5C32  Abs  FIDRQQ
 0000:1632  Abs  FIERQQ
 0000:0632  Abs  FISRQQ
 0000:A23D  Abs  FIWRQQ
 0000:4000  Abs  FJARQQ
 0000:C000  Abs  FJCRQQ
 0000:8000  Abs  FJSRQQ
 0000:5B0F       F_LDIV@
 0000:5B1E       F_LMOD@
 0000:5B16       F_LUDIV@
 0000:5B26       F_LUMOD@
 0000:5AD9       F_LXMUL@
 0000:5AF0       F_SCOPY@
 0000:5B0F       LDIV@
 0000:5B1E       LMOD@
 0000:5B16       LUDIV@
 0000:5B26       LUMOD@
 0000:5AD9       LXMUL@
 0000:5B0C       N_LDIV@
 0000:5B1B       N_LMOD@
 0000:5B13       N_LUDIV@
 0000:5B23       N_LUMOD@
 0000:5CD9       N_LXMUL@
 0000:5CF0       N_SCOPY@
 0000:5AF0       SCOPY@
 0000:0278       _abort
 0766:12FB       _arc
 0E01:00AC       _area
 0000:59E3       _atexit
 0766:1C68       _bar
 0766:1C8B       _bar3d
 0000:6324       _bioskey
 0000:639C       _brk
 0766:1326       _circle
 0766:0EFD       _cleardevice
 0766:0FB3       _clearviewport
 0000:5A07       _clock
 0766:0E53       _closegraph
 0000:64EB       _cprintf
 0000:670F       _delay
 0766:0656       _detectgraph
 0E01:12DD       _directvideo
 0766:1C28       _drawpoly
 0E01:00B6       _eboard
 0766:1CCC       _ellipse
 0E01:00B2       _emarble
 0E01:0094       _errno
 0000:5A9E       _exit
 0000:6F42       _fflush
 0766:1CFC       _fillellipse
 0766:1C48       _fillpoly
 0766:1EEB       _floodfill
 0000:6FBF       _flushall
 0000:6FF7       _fprintf
 0000:7166       _fputc
 0000:728B       _fputchar
 0000:692C       _free
 0000:706A       _fseek
 0000:70CE       _ftell
 0766:1D69       _getarccoords
 0766:1352       _getaspectratio
 0766:13FE       _getbkcolor
 0000:6770       _getch
 0000:6789       _getche
 0766:13ED       _getcolor
 0766:1DE9       _getdefaultpalette
 0766:10AF       _getdrivername
 0766:1264       _getfillpattern
 0766:1213       _getfillsettings
 0766:0DFE       _getgraphmode
 0766:209C       _getimage
 0766:115B       _getlinesettings
 0766:1DB3       _getmaxcolor
 0766:1E27       _getmaxmode
 0766:1089       _getmaxx
 0766:109C       _getmaxy
 0766:10D5       _getmodename
 0766:05B7       _getmoderange
 0766:14F8       _getpalette
 0766:1DCE       _getpalettesize
 0766:205B       _getpixel
 0000:67E8       _gettext
 0766:15DB       _gettextsettings
 0766:0F94       _getviewsettings
 0766:106B       _getx
 0766:107A       _gety
 0766:0884       _graphdefaults
 0766:0193       _grapherrormsg
 0766:030D       _graphresult
 0E01:0188       _harea
 0E01:0192       _hboard
 0E01:018E       _hmarble
 0E01:0190       _hmarble_color
 0E01:0186       _hp
 0E01:018A       _hx
 0E01:018C       _hy
 0766:1517       _imagesize
 0766:096A       _initgraph
 0766:0BDE       _installuserdriver
 0766:0CCC       _installuserfont
 0000:5C05       _isatty
 0000:687D       _kbhit
 0766:1C05       _line
 0766:1120       _linerel
 0766:10F9       _lineto
 0000:5CB0       _lseek
 0000:0291       _main
 0000:69FB       _malloc
 0E01:00B4       _marble_color
 0E01:0122       _marea
 0E01:0124       _mboard
 0000:7119       _memcpy
 0E01:011C       _mmarble
 0E01:011E       _mmarble_color
 0766:104B       _moverel
 0000:688F       _movetext
 0766:1024       _moveto
 0E01:0120       _mp
 0E01:0118       _mx
 0E01:011A       _my
 0000:6F0F       _nosound
 0766:15FA       _outtext
 0766:1F60       _outtextxy
 0E01:00AA       _p
 0766:1388       _pieslice
 0766:18D3       _postdevice
 0000:59D8       _pow10
 0000:7138       _printf
 0000:6BA3       _putch
 0766:154C       _putimage
 0766:207C       _putpixel
 0000:683C       _puttext
 0000:6B52       _realloc
 0766:11BD       _rectangle
 0766:03F3       _registerfarbgidriver
 0766:04AC       _registerfarbgifont
 0766:0E21       _restorecrtmode
 0000:63A8       _sbrk
 0766:1D39       _sector
 0766:19F7       _setactivepage
 0766:140F       _setallpalette
 0766:1370       _setaspectratio
 0766:13B3       _setbkcolor
 0766:1D92       _setcolor
 0766:1284       _setfillpattern
 0766:1230       _setfillstyle
 0766:0580       _setgraphbufsize
 0766:0D76       _setgraphmode
 0766:117A       _setlinestyle
 0766:14B5       _setpalette
 0766:1E62       _setrgbpalette
 0766:1648       _settextjustify
 0766:1689       _settextstyle
 0766:1858       _setusercharsize
 0000:742D       _setvbuf
 0766:0F18       _setviewport
 0766:19D4       _setvisualpage
 0766:1A1D       _setwritemode
 0000:6EE3       _sound
 0000:5DA9       _tell
 0766:187E       _textheight
 0766:200D       _textwidth
 0000:67A6       _ungetch
 0000:6F20       _wherex
 0000:6F2F       _wherey
 0E01:00AE       _x
 0E01:00B0       _y
 0E01:0E50       __8087
 0000:1000  Abs  __AHINCR
 0000:000C  Abs  __AHSHIFT
 0E01:1090       __atexitcnt
 0E01:1352       __atexittbl
 0766:1AE1       __autodetect
 0E01:09FA       __backcolor
 0E01:0975       __BGI_ADD
 0E01:07D8       __BGI_auto
 0E01:07D4       __BGI_ovr
 0E01:00A2       __brklvl
 0E01:0084       __C0argc
 0E01:0086       __C0argv
 0000:65BD       __c0crtinit
 0E01:0088       __C0environ
 0E01:131D       __cChar
 0000:5ABF       __cexit
 0E01:131C       __cFlag
 0000:016F       __checknull
 0000:015C       __cleanup
 0000:63B8       __CPUTN
 0000:65DA       __crtinit
 0000:0000  Abs  __cvtfak
 0000:5ACD       __c_exit
 0E01:0971       __DDO_ADD
 0E01:0E64       __default87
 0E01:1206       __doserrno
 0000:5BF3       __DOSERROR
 0E01:1208       __dosErrorToSV
 0E01:09F8       __drawcolor
 0E01:0F80       __emu
 0E01:008A       __envLng
 0E01:008C       __envseg
 0E01:008E       __envSize
 0000:5AAD       __exit
 0E01:1092       __exitbuf
 0E01:1094       __exitfopen
 0E01:1096       __exitopen
 0E01:09F9       __fillcolor
 0E01:09FC       __fillstyle
 0E01:131E       __first
 0E01:09F0       __FON_ADD
 0000:5887       __fperror
 0E01:1202       __fpstklen
 0000:54CF       __fpuint
 0000:714F       __fputc
 0000:729C       __FPUTN
 0000:67C2       __graphexit
 0000:67CE       __graphfreemem
 0000:67DA       __graphgetmem
 0766:0329       __GraphNotInstalled
 0766:22C0       __GRP_ovr
 0766:1BB4       __gr_cleardevice
 0766:1B52       __gr_detectgraph
 0E01:09EE       __gr_ErrCode
 0766:1E06       __gr_getmodename
 0766:1A90       __gr_imagesize
 0766:1BE8       __gr_lineto
 0766:1BCB       __gr_moveto
 0766:20D9       __gr_putimage
 0766:1995       __gr_restorecrtmode
 0766:1EA7       __gr_setallpalette
 0766:1E43       __gr_setbkcolor
 0766:1A40       __gr_setfillpattern
 0766:1F30       __gr_setfillstyle
 0766:195F       __gr_setgraphmode
 0766:1EC2       __gr_setlinestyle
 0766:1E88       __gr_setpalette
 0766:1A73       __gr_settextjustify
 0766:1F96       __gr_settextstyle
 0766:1FE7       __gr_setusercharsize
 0766:1933       __gr_setviewport
 0766:203A       __gr_textheight
 0E01:009E       __heapbase
 0E01:1204       __heaplen
 0E01:00A6       __heaptop
 0766:1B8F       __initdevice
 0766:18EA       __installdevice
 0E01:0074       __Int0Vector
 0E01:0078       __Int4Vector
 0E01:007C       __Int5Vector
 0E01:0080       __Int6Vector
 0000:5BBA       __IOERROR
 0E01:1320       __last
 0E01:0E61       __LDT
 0E01:09FB       __linestyle
 0000:5C16       __LONGTOA
 0000:028F       __MMODEL
 0E01:11D8       __nfile
 0000:6789       __Ngetche
 0000:67A6       __Nungetch
 0E01:11DA       __openfd
 0E01:0092       __osmajor
 0E01:0093       __osminor
 0E01:0092       __osversion
 0E01:0A03       __OverScanColor
 0000:590F       __POW10
 0E01:0E60       __protected
 0E01:0090       __psp
 0000:6BB6       __REALCVT
 0E01:132A       __RealCvtVector
 0766:18EF       __reinstalldevice
 0000:01EC       __restorezero
 0E01:1322       __rover
 0E01:132E       __ScanTodVector
 0000:6CE6       __SCREENIO
 0000:6D87       __SCROLL
 0000:5D0C       __setupio
 0E01:0096       __StartTime
 0E01:09F4       __StatOfs
 0E01:09F6       __StatSeg
 0E01:1262       __stklen
 0E01:1098       __streams
 0000:0197       __terminate
 0000:0000  Abs  __turboCrt
 0000:0000  Abs  __turboCvt
 0000:5C93       __UTOA
 0000:6D22       __VALIDATEXY
 0E01:0092       __version
 0E01:12CE       __video
 0000:6539       __VideoInt
 0000:5DD7       __VPRINTER
 0000:6285       __VPTR
 0000:62AA       __VRAM
 0000:6F16       __wherexy
 0000:75FB       __write
 0E01:12CC       __wscroll
 0000:5688       __XCVT
 0000:7635       __xfflush
 0000:6349       ___brk
 0E01:009C       ___brklvl
 0000:53E8       ___fpreset
 0E01:009A       ___heapbase
 0766:0178       ___move
 0000:636B       ___sbrk
 0E01:1394       ___SignalPtr
 0000:74F7       ___write

  Address         Publics by Value

 0000:0000  Abs  __turboCvt
 0000:0000  Abs  __turboCrt
 0000:0000  Abs  __cvtfak
 0000:000C  Abs  __AHSHIFT
 0000:0632  Abs  FISRQQ
 0000:0E32  Abs  FICRQQ
 0000:1000  Abs  __AHINCR
 0000:1632  Abs  FIERQQ
 0000:4000  Abs  FJARQQ
 0000:5C32  Abs  FIDRQQ
 0000:8000  Abs  FJSRQQ
 0000:A23D  Abs  FIWRQQ
 0000:C000  Abs  FJCRQQ
 0000:FE32  Abs  FIARQQ
 0000:015C       __cleanup
 0000:016F       __checknull
 0000:0197       __terminate
 0000:01EC       __restorezero
 0000:0278       _abort
 0000:028D       DGROUP@
 0000:028F       __MMODEL
 0000:0291       _main
 0000:029F       easybrain()
 0000:0306       Marble(int,int,int)
 0000:0396       mydelay(float)
 0000:03EA       Intro()
 0000:058F       Drawborder(int,int)
 0000:076A       Background()
 0000:0AC2       DrawBoard()
 0000:0C51       G()
 0000:0CD7       check()
 0000:0E1C       GetXY(int,int)
 0000:0E84       GetBoard(int,int)
 0000:0EFD       SetBoard(int,int,int)
 0000:0F6C       Blink(int,int,int)
 0000:1034       MakeMove(int,int)
 0000:1277       Init()
 0000:1441       finish()
 0000:165D       win(char near*,int,int,int,int,int)
 0000:188F       winp(int,int,int,int,int)
 0000:197F       Lcd(int,int,int)
 0000:19F1       LCD(int,int,int)
 0000:1D1F       mediumbrain()
 0000:1D54       mMarble(int,int,int)
 0000:1DE4       mmydelay(float)
 0000:1E34       mIntro()
 0000:1F42       mDrawborder(int,int)
 0000:211D       mBackground()
 0000:2475       mDrawBoard()
 0000:2604       mG()
 0000:268A       mcheck()
 0000:27CF       mGetXY(int,int)
 0000:2837       mGetBoard(int,int)
 0000:28B0       mSetBoard(int,int,int)
 0000:291F       mBlink(int,int,int)
 0000:29E7       mMakeMove(int,int)
 0000:2C2A       mInit()
 0000:2DF4       mfinish()
 0000:3010       mwin(char near*,int,int,int,int,int)
 0000:3242       mwinp(int,int,int,int,int)
 0000:3332       mLcd(int,int,int)
 0000:33A4       mLCD(int,int,int)
 0000:36D2       hardbrain()
 0000:3707       hMarble(int,int,int)
 0000:3797       hmydelay(float)
 0000:37E7       hDrawborder(int,int)
 0000:39C2       hBackground()
 0000:3D1A       hDrawBoard()
 0000:3EBD       hG()
 0000:3F43       hcheck()
 0000:4088       hGetXY(int,int)
 0000:40F0       hGetBoard(int,int)
 0000:4169       hSetBoard(int,int,int)
 0000:41D8       hBlink(int,int,int)
 0000:42A0       hMakeMove(int,int)
 0000:44E3       hInit()
 0000:46AD       hfinish()
 0000:48C9       hwin(char near*,int,int,int,int,int)
 0000:4AFB       hwinp(int,int,int,int,int)
 0000:4BEB       hLcd(int,int,int)
 0000:4C5D       hLCD(int,int,int)
 0000:4F8B       loading()
 0000:50E5       cong()
 0000:53E8       ___fpreset
 0000:54CF       __fpuint
 0000:5688       __XCVT
 0000:5887       __fperror
 0000:590F       __POW10
 0000:59D8       _pow10
 0000:59E3       _atexit
 0000:5A07       _clock
 0000:5A9E       _exit
 0000:5AAD       __exit
 0000:5ABF       __cexit
 0000:5ACD       __c_exit
 0000:5AD9       F_LXMUL@
 0000:5AD9       LXMUL@
 0000:5AF0       F_SCOPY@
 0000:5AF0       SCOPY@
 0000:5B0C       N_LDIV@
 0000:5B0F       F_LDIV@
 0000:5B0F       LDIV@
 0000:5B13       N_LUDIV@
 0000:5B16       F_LUDIV@
 0000:5B16       LUDIV@
 0000:5B1B       N_LMOD@
 0000:5B1E       F_LMOD@
 0000:5B1E       LMOD@
 0000:5B23       N_LUMOD@
 0000:5B26       LUMOD@
 0000:5B26       F_LUMOD@
 0000:5BBA       __IOERROR
 0000:5BF3       __DOSERROR
 0000:5C05       _isatty
 0000:5C16       __LONGTOA
 0000:5C93       __UTOA
 0000:5CB0       _lseek
 0000:5CD9       N_LXMUL@
 0000:5CF0       N_SCOPY@
 0000:5D0C       __setupio
 0000:5DA9       _tell
 0000:5DD7       __VPRINTER
 0000:6285       __VPTR
 0000:62AA       __VRAM
 0000:6324       _bioskey
 0000:6349       ___brk
 0000:636B       ___sbrk
 0000:639C       _brk
 0000:63A8       _sbrk
 0000:63B8       __CPUTN
 0000:64EB       _cprintf
 0000:6539       __VideoInt
 0000:65BD       __c0crtinit
 0000:65DA       __crtinit
 0000:670F       _delay
 0000:6770       _getch
 0000:6789       __Ngetche
 0000:6789       _getche
 0000:67A6       __Nungetch
 0000:67A6       _ungetch
 0000:67C2       __graphexit
 0000:67CE       __graphfreemem
 0000:67DA       __graphgetmem
 0000:67E8       _gettext
 0000:683C       _puttext
 0000:687D       _kbhit
 0000:688F       _movetext
 0000:692C       _free
 0000:69FB       _malloc
 0000:6B52       _realloc
 0000:6BA3       _putch
 0000:6BB6       __REALCVT
 0000:6CE6       __SCREENIO
 0000:6D22       __VALIDATEXY
 0000:6D87       __SCROLL
 0000:6EE3       _sound
 0000:6F0F       _nosound
 0000:6F16       __wherexy
 0000:6F20       _wherex
 0000:6F2F       _wherey
 0000:6F42       _fflush
 0000:6FBF       _flushall
 0000:6FF7       _fprintf
 0000:706A       _fseek
 0000:70CE       _ftell
 0000:7119       _memcpy
 0000:7138       _printf
 0000:714F       __fputc
 0000:7166       _fputc
 0000:728B       _fputchar
 0000:729C       __FPUTN
 0000:742D       _setvbuf
 0000:74F7       ___write
 0000:75FB       __write
 0000:7635       __xfflush
 0766:0178       ___move
 0766:0193       _grapherrormsg
 0766:030D       _graphresult
 0766:0329       __GraphNotInstalled
 0766:03F3       _registerfarbgidriver
 0766:04AC       _registerfarbgifont
 0766:0580       _setgraphbufsize
 0766:05B7       _getmoderange
 0766:0656       _detectgraph
 0766:0884       _graphdefaults
 0766:096A       _initgraph
 0766:0BDE       _installuserdriver
 0766:0CCC       _installuserfont
 0766:0D76       _setgraphmode
 0766:0DFE       _getgraphmode
 0766:0E21       _restorecrtmode
 0766:0E53       _closegraph
 0766:0EFD       _cleardevice
 0766:0F18       _setviewport
 0766:0F94       _getviewsettings
 0766:0FB3       _clearviewport
 0766:1024       _moveto
 0766:104B       _moverel
 0766:106B       _getx
 0766:107A       _gety
 0766:1089       _getmaxx
 0766:109C       _getmaxy
 0766:10AF       _getdrivername
 0766:10D5       _getmodename
 0766:10F9       _lineto
 0766:1120       _linerel
 0766:115B       _getlinesettings
 0766:117A       _setlinestyle
 0766:11BD       _rectangle
 0766:1213       _getfillsettings
 0766:1230       _setfillstyle
 0766:1264       _getfillpattern
 0766:1284       _setfillpattern
 0766:12FB       _arc
 0766:1326       _circle
 0766:1352       _getaspectratio
 0766:1370       _setaspectratio
 0766:1388       _pieslice
 0766:13B3       _setbkcolor
 0766:13ED       _getcolor
 0766:13FE       _getbkcolor
 0766:140F       _setallpalette
 0766:14B5       _setpalette
 0766:14F8       _getpalette
 0766:1517       _imagesize
 0766:154C       _putimage
 0766:15DB       _gettextsettings
 0766:15FA       _outtext
 0766:1648       _settextjustify
 0766:1689       _settextstyle
 0766:1858       _setusercharsize
 0766:187E       _textheight
 0766:188F       @DGROUP
 0766:18D3       _postdevice
 0766:18EA       __installdevice
 0766:18EF       __reinstalldevice
 0766:1933       __gr_setviewport
 0766:195F       __gr_setgraphmode
 0766:1995       __gr_restorecrtmode
 0766:19D4       _setvisualpage
 0766:19F7       _setactivepage
 0766:1A1D       _setwritemode
 0766:1A40       __gr_setfillpattern
 0766:1A73       __gr_settextjustify
 0766:1A90       __gr_imagesize
 0766:1AE1       __autodetect
 0766:1B52       __gr_detectgraph
 0766:1B8F       __initdevice
 0766:1BB4       __gr_cleardevice
 0766:1BCB       __gr_moveto
 0766:1BE8       __gr_lineto
 0766:1C05       _line
 0766:1C28       _drawpoly
 0766:1C48       _fillpoly
 0766:1C68       _bar
 0766:1C8B       _bar3d
 0766:1CCC       _ellipse
 0766:1CFC       _fillellipse
 0766:1D39       _sector
 0766:1D69       _getarccoords
 0766:1D92       _setcolor
 0766:1DB3       _getmaxcolor
 0766:1DCE       _getpalettesize
 0766:1DE9       _getdefaultpalette
 0766:1E06       __gr_getmodename
 0766:1E27       _getmaxmode
 0766:1E43       __gr_setbkcolor
 0766:1E62       _setrgbpalette
 0766:1E88       __gr_setpalette
 0766:1EA7       __gr_setallpalette
 0766:1EC2       __gr_setlinestyle
 0766:1EEB       _floodfill
 0766:1F30       __gr_setfillstyle
 0766:1F60       _outtextxy
 0766:1F96       __gr_settextstyle
 0766:1FE7       __gr_setusercharsize
 0766:200D       _textwidth
 0766:203A       __gr_textheight
 0766:205B       _getpixel
 0766:207C       _putpixel
 0766:209C       _getimage
 0766:20D9       __gr_putimage
 0766:22C0       __GRP_ovr
 0B2C:2152       e086_Entry
 0B2C:26E0       e086_Shortcut
 0DA4:0306       e087_Entry
 0DA4:03C6       e087_Shortcut
 0DA4:0430       e087_Trap
 0E01:0000       DATASEG@
 0E01:0074       __Int0Vector
 0E01:0078       __Int4Vector
 0E01:007C       __Int5Vector
 0E01:0080       __Int6Vector
 0E01:0084       __C0argc
 0E01:0086       __C0argv
 0E01:0088       __C0environ
 0E01:008A       __envLng
 0E01:008C       __envseg
 0E01:008E       __envSize
 0E01:0090       __psp
 0E01:0092       __osversion
 0E01:0092       __osmajor
 0E01:0092       __version
 0E01:0093       __osminor
 0E01:0094       _errno
 0E01:0096       __StartTime
 0E01:009A       ___heapbase
 0E01:009C       ___brklvl
 0E01:009E       __heapbase
 0E01:00A2       __brklvl
 0E01:00A6       __heaptop
 0E01:00AA       _p
 0E01:00AC       _area
 0E01:00AE       _x
 0E01:00B0       _y
 0E01:00B2       _emarble
 0E01:00B4       _marble_color
 0E01:00B6       _eboard
 0E01:0118       _mx
 0E01:011A       _my
 0E01:011C       _mmarble
 0E01:011E       _mmarble_color
 0E01:0120       _mp
 0E01:0122       _marea
 0E01:0124       _mboard
 0E01:0186       _hp
 0E01:0188       _harea
 0E01:018A       _hx
 0E01:018C       _hy
 0E01:018E       _hmarble
 0E01:0190       _hmarble_color
 0E01:0192       _hboard
 0E01:07D4       __BGI_ovr
 0E01:07D8       __BGI_auto
 0E01:0971       __DDO_ADD
 0E01:0975       __BGI_ADD
 0E01:09EE       __gr_ErrCode
 0E01:09F0       __FON_ADD
 0E01:09F4       __StatOfs
 0E01:09F6       __StatSeg
 0E01:09F8       __drawcolor
 0E01:09F9       __fillcolor
 0E01:09FA       __backcolor
 0E01:09FB       __linestyle
 0E01:09FC       __fillstyle
 0E01:0A03       __OverScanColor
 0E01:0E50       __8087
 0E01:0E60       __protected
 0E01:0E61       __LDT
 0E01:0E64       __default87
 0E01:0F80       __emu
 0E01:1090       __atexitcnt
 0E01:1092       __exitbuf
 0E01:1094       __exitfopen
 0E01:1096       __exitopen
 0E01:1098       __streams
 0E01:11D8       __nfile
 0E01:11DA       __openfd
 0E01:1202       __fpstklen
 0E01:1204       __heaplen
 0E01:1206       __doserrno
 0E01:1208       __dosErrorToSV
 0E01:1262       __stklen
 0E01:12CC       __wscroll
 0E01:12CE       __video
 0E01:12DD       _directvideo
 0E01:131C       __cFlag
 0E01:131D       __cChar
 0E01:131E       __first
 0E01:1320       __last
 0E01:1322       __rover
 0E01:132A       __RealCvtVector
 0E01:132E       __ScanTodVector
 0E01:1352       __atexittbl
 0E01:1394       ___SignalPtr

Program entry point at 0000:0000

