
 Start  Stop   Length Name               Class

 00000H 05365H 05366H _TEXT              CODE
 05370H 08FC9H 03C5AH _BGI_TEXT          CODE
 08FD0H 0B746H 02777H EMU_PROG           CODE
 0B750H 0BD17H 005C8H E87_PROG           CODE
 0BD20H 0BD20H 00000H _FARDATA           FAR_DATA
 0BD20H 0BD20H 00000H _FARBSS            FAR_BSS
 0BD20H 0BD20H 00000H _OVERLAY_          OVRINFO
 0BD20H 0BD20H 00000H _1STUB_            STUBSEG
 0BD20H 0CD39H 0101AH _DATA              DATA
 0CD3AH 0CD3DH 00004H _CVTSEG            DATA
 0CD3EH 0CD43H 00006H _SCNSEG            DATA
 0CD44H 0CD44H 00000H GRAPH              DATA
 0CD44H 0CD44H 00000H _CONST             CONST
 0CD44H 0CD5BH 00018H _INIT_             INITDATA
 0CD5CH 0CD5CH 00000H _INITEND_          INITDATA
 0CD5CH 0CD61H 00006H _EXIT_             EXITDATA
 0CD62H 0CD62H 00000H _EXITEND_          EXITDATA
 0CD62H 0CDB7H 00056H _BSS               BSS
 0CDB8H 0CDB8H 00000H _BSSEND            BSSEND
 0CDC0H 0CE3FH 00080H _STACK             STACK

  Address         Publics by Name

 0000:05F7       Background()
 0000:0E35       Blink(int,int,int)
 0000:0BA0       check()
 0537:188F       @DGROUP
 0000:0977       DrawBoard()
 0000:041C       Drawborder(int,int)
 0000:1324       finish()
 0000:0B1A       G()
 0000:0D4D       GetBoard(int,int)
 0000:0CE5       GetXY(int,int)
 0000:1140       Init()
 0000:0387       Intro()
 0000:19F1       LCD(int,int,int)
 0000:197F       Lcd(int,int,int)
 0000:1D1F       load_game()
 0000:0EFD       MakeMove(int,int)
 0000:02A7       Marble(int,int,int)
 0000:186E       Menu()
 0000:184C       mybar(int,int,int,int)
 0000:0337       mydelay(float)
 0000:1E0F       save_game()
 0000:0DC6       SetBoard(int,int,int)
 0000:152D       win(char near*,int,int,int,int,int)
 0000:175E       winp(int,int,int,int,int)
 0BD2:0000       DATASEG@
 0000:028D       DGROUP@
 08FD:2152       e086_Entry
 08FD:26E0       e086_Shortcut
 0B75:0306       e087_Entry
 0B75:03C6       e087_Shortcut
 0B75:0430       e087_Trap
 0000:FE32  Abs  FIARQQ
 0000:0E32  Abs  FICRQQ
 0000:5C32  Abs  FIDRQQ
 0000:1632  Abs  FIERQQ
 0000:0632  Abs  FISRQQ
 0000:A23D  Abs  FIWRQQ
 0000:4000  Abs  FJARQQ
 0000:C000  Abs  FJCRQQ
 0000:8000  Abs  FJSRQQ
 0000:2762       F_LDIV@
 0000:2771       F_LMOD@
 0000:2769       F_LUDIV@
 0000:2779       F_LUMOD@
 0000:272C       F_LXMUL@
 0000:2743       F_SCOPY@
 0000:2762       LDIV@
 0000:2771       LMOD@
 0000:2769       LUDIV@
 0000:2779       LUMOD@
 0000:272C       LXMUL@
 0000:275F       N_LDIV@
 0000:276E       N_LMOD@
 0000:2766       N_LUDIV@
 0000:2776       N_LUMOD@
 0000:29A8       N_LXMUL@
 0000:29BF       N_SCOPY@
 0000:2743       SCOPY@
 0000:0278       _abort
 0537:12FB       _arc
 0BD2:00B4       _area
 0000:25FE       _atexit
 0537:1C68       _bar
 0537:1C8B       _bar3d
 0000:369A       _bioskey
 0BD2:00B6       _board
 0000:3712       _brk
 0537:1326       _circle
 0537:0EFD       _cleardevice
 0537:0FB3       _clearviewport
 0000:2622       _clock
 0000:4378       _close
 0537:0E53       _closegraph
 0000:372E       _clrscr
 0000:388A       _cprintf
 0000:3AAE       _delay
 0537:0656       _detectgraph
 0BD2:0FCD       _directvideo
 0537:1C28       _drawpoly
 0537:1CCC       _ellipse
 0000:43BC       _eof
 0BD2:0094       _errno
 0000:26F1       _exit
 0000:4433       _fclose
 0000:44A8       _fflush
 0000:4A0A       _fgetc
 0000:4AB5       _fgetchar
 0537:1CFC       _fillellipse
 0537:1C48       _fillpoly
 0537:1EEB       _floodfill
 0000:4525       _flushall
 0000:46D0       _fopen
 0000:46EF       _fprintf
 0000:4CCF       _fputc
 0000:4DF4       _fputchar
 0000:47D8       _fread
 0000:3D3B       _free
 0000:4880       _fseek
 0000:48E4       _ftell
 0000:492F       _fwrite
 0537:1D69       _getarccoords
 0537:1352       _getaspectratio
 0537:13FE       _getbkcolor
 0000:3B0F       _getch
 0000:3B28       _getche
 0537:13ED       _getcolor
 0537:1DE9       _getdefaultpalette
 0537:10AF       _getdrivername
 0537:1264       _getfillpattern
 0537:1213       _getfillsettings
 0537:0DFE       _getgraphmode
 0537:209C       _getimage
 0537:115B       _getlinesettings
 0537:1DB3       _getmaxcolor
 0537:1E27       _getmaxmode
 0537:1089       _getmaxx
 0537:109C       _getmaxy
 0537:10D5       _getmodename
 0537:05B7       _getmoderange
 0537:14F8       _getpalette
 0537:1DCE       _getpalettesize
 0537:205B       _getpixel
 0000:3BD0       _gettext
 0537:15DB       _gettextsettings
 0537:0F94       _getviewsettings
 0537:106B       _getx
 0537:107A       _gety
 0000:3B87       _gotoxy
 0537:0884       _graphdefaults
 0537:0193       _grapherrormsg
 0537:030D       _graphresult
 0537:1517       _imagesize
 0537:096A       _initgraph
 0537:0BDE       _installuserdriver
 0537:0CCC       _installuserfont
 0000:3C65       _ioctl
 0000:2858       _isatty
 0000:3C8C       _kbhit
 0537:1C05       _line
 0537:1120       _linerel
 0537:10F9       _lineto
 0000:2903       _lseek
 0000:0291       _main
 0000:3E0A       _malloc
 0BD2:00AE       _marble
 0BD2:00B0       _marble_color
 0000:4ABE       _memcpy
 0537:104B       _moverel
 0000:3C9E       _movetext
 0537:1024       _moveto
 0000:432A       _nosound
 0000:4B08       _open
 0537:15FA       _outtext
 0537:1F60       _outtextxy
 0BD2:00B2       _p
 0537:1388       _pieslice
 0537:18D3       _postdevice
 0000:25F3       _pow10
 0000:4CA1       _printf
 0000:3FB2       _putch
 0537:154C       _putimage
 0537:207C       _putpixel
 0000:3C24       _puttext
 0000:3F61       _realloc
 0537:11BD       _rectangle
 0537:03F3       _registerfarbgidriver
 0537:04AC       _registerfarbgifont
 0537:0E21       _restorecrtmode
 0000:371E       _sbrk
 0000:505E       _scanf
 0537:1D39       _sector
 0537:19F7       _setactivepage
 0537:140F       _setallpalette
 0537:1370       _setaspectratio
 0537:13B3       _setbkcolor
 0537:1D92       _setcolor
 0537:1284       _setfillpattern
 0537:1230       _setfillstyle
 0537:0580       _setgraphbufsize
 0537:0D76       _setgraphmode
 0537:117A       _setlinestyle
 0537:14B5       _setpalette
 0537:1E62       _setrgbpalette
 0537:1648       _settextjustify
 0537:1689       _settextstyle
 0537:1858       _setusercharsize
 0000:507C       _setvbuf
 0537:0F18       _setviewport
 0537:19D4       _setvisualpage
 0537:1A1D       _setwritemode
 0000:42FE       _sound
 0000:5146       _strcat
 0000:517F       _strlen
 0000:30E4       _tell
 0537:187E       _textheight
 0537:200D       _textwidth
 0000:5199       _ungetc
 0000:3B45       _ungetch
 0000:30FA       _unlink
 0000:433B       _wherex
 0000:434A       _wherey
 0BD2:00AA       _x
 0BD2:00AC       _y
 0BD2:09B0       __8087
 0000:1000  Abs  __AHINCR
 0000:000C  Abs  __AHSHIFT
 0BD2:0BF0       __atexitcnt
 0BD2:1042       __atexittbl
 0537:1AE1       __autodetect
 0BD2:0566       __backcolor
 0BD2:04E1       __BGI_ADD
 0BD2:0344       __BGI_auto
 0BD2:0340       __BGI_ovr
 0BD2:00A2       __brklvl
 0BD2:0084       __C0argc
 0BD2:0086       __C0argv
 0000:395C       __c0crtinit
 0BD2:0088       __C0environ
 0BD2:100D       __cChar
 0000:2712       __cexit
 0BD2:100C       __cFlag
 0000:016F       __checknull
 0000:435D       __chmod
 0000:015C       __cleanup
 0000:439E       __close
 0000:3757       __CPUTN
 0000:3979       __crtinit
 0BD2:0BF2       __ctype
 0000:0000  Abs  __cvtfak
 0000:2720       __c_exit
 0BD2:04DD       __DDO_ADD
 0BD2:09C4       __default87
 0BD2:0E6C       __doserrno
 0000:2846       __DOSERROR
 0BD2:0E6E       __dosErrorToSV
 0000:266B       __dos_getfileattr
 0000:2688       __dos_setfileattr
 0BD2:0564       __drawcolor
 0BD2:0AE0       __emu
 0BD2:008A       __envLng
 0BD2:008C       __envseg
 0BD2:008E       __envSize
 0000:2700       __exit
 0BD2:0CF4       __exitbuf
 0BD2:0CF6       __exitfopen
 0BD2:0CF8       __exitopen
 0000:49F9       __fgetc
 0BD2:0565       __fillcolor
 0BD2:0568       __fillstyle
 0BD2:100E       __first
 0BD2:0E64       __fmode
 0BD2:055C       __FON_ADD
 0000:24A2       __fperror
 0BD2:0E68       __fpstklen
 0000:20EA       __fpuint
 0000:4CB8       __fputc
 0000:4E05       __FPUTN
 0000:46A5       __GETFP
 0000:3B61       __graphexit
 0000:3B6D       __graphfreemem
 0000:3B79       __graphgetmem
 0537:0329       __GraphNotInstalled
 0537:22C0       __GRP_ovr
 0537:1BB4       __gr_cleardevice
 0537:1B52       __gr_detectgraph
 0BD2:055A       __gr_ErrCode
 0537:1E06       __gr_getmodename
 0537:1A90       __gr_imagesize
 0537:1BE8       __gr_lineto
 0537:1BCB       __gr_moveto
 0537:20D9       __gr_putimage
 0537:1995       __gr_restorecrtmode
 0537:1EA7       __gr_setallpalette
 0537:1E43       __gr_setbkcolor
 0537:1A40       __gr_setfillpattern
 0537:1F30       __gr_setfillstyle
 0537:195F       __gr_setgraphmode
 0537:1EC2       __gr_setlinestyle
 0537:1E88       __gr_setpalette
 0537:1A73       __gr_settextjustify
 0537:1F96       __gr_settextstyle
 0537:1FE7       __gr_setusercharsize
 0537:1933       __gr_setviewport
 0537:203A       __gr_textheight
 0BD2:009E       __heapbase
 0BD2:0E6A       __heaplen
 0BD2:00A6       __heaptop
 0537:1B8F       __initdevice
 0537:18EA       __installdevice
 0BD2:0074       __Int0Vector
 0BD2:0078       __Int4Vector
 0BD2:007C       __Int5Vector
 0BD2:0080       __Int6Vector
 0000:280D       __IOERROR
 0BD2:1010       __last
 0BD2:09C1       __LDT
 0BD2:0567       __linestyle
 0000:2869       __LONGTOA
 0000:292C       __MKNAME
 0000:028F       __MMODEL
 0000:4A0A       __Nfgetc
 0BD2:0E3A       __nfile
 0000:3B28       __Ngetche
 0BD2:0E66       __notUmask
 0000:5199       __Nungetc
 0000:3B45       __Nungetch
 0000:4C54       __open
 0BD2:0E3C       __openfd
 0000:4611       __OPENFP
 0BD2:0092       __osmajor
 0BD2:0093       __osminor
 0BD2:0092       __osversion
 0BD2:056F       __OverScanColor
 0000:252A       __POW10
 0BD2:09C0       __protected
 0BD2:0090       __psp
 0000:29DB       __read
 0000:3FC5       __REALCVT
 0BD2:101A       __RealCvtVector
 0537:18EF       __reinstalldevice
 0000:01EC       __restorezero
 0BD2:1012       __rover
 0000:2A08       __scanner
 0000:3FD1       __scanpop
 0000:3FCD       __scanrslt
 0000:3FC9       __scantod
 0BD2:101E       __ScanTodVector
 0000:2EC8       __scantol
 0000:4101       __SCREENIO
 0000:41A2       __SCROLL
 0000:3047       __setupio
 0BD2:0096       __StartTime
 0BD2:0560       __StatOfs
 0BD2:0562       __StatSeg
 0BD2:0F52       __stklen
 0000:3675       __stpcpy
 0BD2:0CFA       __streams
 0000:0197       __terminate
 0000:2967       __TMPNAM
 0000:0000  Abs  __turboCrt
 0000:0000  Abs  __turboCvt
 0000:28E6       __UTOA
 0000:413D       __VALIDATEXY
 0BD2:0092       __version
 0BD2:0FBE       __video
 0000:38D8       __VideoInt
 0000:3128       __VPRINTER
 0000:35D6       __VPTR
 0000:35FB       __VRAM
 0000:4331       __wherexy
 0000:52E5       __write
 0BD2:0FBC       __wscroll
 0000:22A3       __XCVT
 0000:531F       __xfclose
 0000:5345       __xfflush
 0000:36BF       ___brk
 0BD2:009C       ___brklvl
 0000:2003       ___fpreset
 0BD2:009A       ___heapbase
 0537:0178       ___move
 0000:4F96       ___read
 0000:36E1       ___sbrk
 0BD2:1092       ___SignalPtr
 0000:51E1       ___write

  Address         Publics by Value

 0000:0000  Abs  __turboCvt
 0000:0000  Abs  __turboCrt
 0000:0000  Abs  __cvtfak
 0000:000C  Abs  __AHSHIFT
 0000:0632  Abs  FISRQQ
 0000:0E32  Abs  FICRQQ
 0000:1000  Abs  __AHINCR
 0000:1632  Abs  FIERQQ
 0000:4000  Abs  FJARQQ
 0000:5C32  Abs  FIDRQQ
 0000:8000  Abs  FJSRQQ
 0000:A23D  Abs  FIWRQQ
 0000:C000  Abs  FJCRQQ
 0000:FE32  Abs  FIARQQ
 0000:015C       __cleanup
 0000:016F       __checknull
 0000:0197       __terminate
 0000:01EC       __restorezero
 0000:0278       _abort
 0000:028D       DGROUP@
 0000:028F       __MMODEL
 0000:0291       _main
 0000:02A7       Marble(int,int,int)
 0000:0337       mydelay(float)
 0000:0387       Intro()
 0000:041C       Drawborder(int,int)
 0000:05F7       Background()
 0000:0977       DrawBoard()
 0000:0B1A       G()
 0000:0BA0       check()
 0000:0CE5       GetXY(int,int)
 0000:0D4D       GetBoard(int,int)
 0000:0DC6       SetBoard(int,int,int)
 0000:0E35       Blink(int,int,int)
 0000:0EFD       MakeMove(int,int)
 0000:1140       Init()
 0000:1324       finish()
 0000:152D       win(char near*,int,int,int,int,int)
 0000:175E       winp(int,int,int,int,int)
 0000:184C       mybar(int,int,int,int)
 0000:186E       Menu()
 0000:197F       Lcd(int,int,int)
 0000:19F1       LCD(int,int,int)
 0000:1D1F       load_game()
 0000:1E0F       save_game()
 0000:2003       ___fpreset
 0000:20EA       __fpuint
 0000:22A3       __XCVT
 0000:24A2       __fperror
 0000:252A       __POW10
 0000:25F3       _pow10
 0000:25FE       _atexit
 0000:2622       _clock
 0000:266B       __dos_getfileattr
 0000:2688       __dos_setfileattr
 0000:26F1       _exit
 0000:2700       __exit
 0000:2712       __cexit
 0000:2720       __c_exit
 0000:272C       F_LXMUL@
 0000:272C       LXMUL@
 0000:2743       F_SCOPY@
 0000:2743       SCOPY@
 0000:275F       N_LDIV@
 0000:2762       F_LDIV@
 0000:2762       LDIV@
 0000:2766       N_LUDIV@
 0000:2769       F_LUDIV@
 0000:2769       LUDIV@
 0000:276E       N_LMOD@
 0000:2771       F_LMOD@
 0000:2771       LMOD@
 0000:2776       N_LUMOD@
 0000:2779       LUMOD@
 0000:2779       F_LUMOD@
 0000:280D       __IOERROR
 0000:2846       __DOSERROR
 0000:2858       _isatty
 0000:2869       __LONGTOA
 0000:28E6       __UTOA
 0000:2903       _lseek
 0000:292C       __MKNAME
 0000:2967       __TMPNAM
 0000:29A8       N_LXMUL@
 0000:29BF       N_SCOPY@
 0000:29DB       __read
 0000:2A08       __scanner
 0000:2EC8       __scantol
 0000:3047       __setupio
 0000:30E4       _tell
 0000:30FA       _unlink
 0000:3128       __VPRINTER
 0000:35D6       __VPTR
 0000:35FB       __VRAM
 0000:3675       __stpcpy
 0000:369A       _bioskey
 0000:36BF       ___brk
 0000:36E1       ___sbrk
 0000:3712       _brk
 0000:371E       _sbrk
 0000:372E       _clrscr
 0000:3757       __CPUTN
 0000:388A       _cprintf
 0000:38D8       __VideoInt
 0000:395C       __c0crtinit
 0000:3979       __crtinit
 0000:3AAE       _delay
 0000:3B0F       _getch
 0000:3B28       __Ngetche
 0000:3B28       _getche
 0000:3B45       __Nungetch
 0000:3B45       _ungetch
 0000:3B61       __graphexit
 0000:3B6D       __graphfreemem
 0000:3B79       __graphgetmem
 0000:3B87       _gotoxy
 0000:3BD0       _gettext
 0000:3C24       _puttext
 0000:3C65       _ioctl
 0000:3C8C       _kbhit
 0000:3C9E       _movetext
 0000:3D3B       _free
 0000:3E0A       _malloc
 0000:3F61       _realloc
 0000:3FB2       _putch
 0000:3FC5       __REALCVT
 0000:3FC9       __scantod
 0000:3FCD       __scanrslt
 0000:3FD1       __scanpop
 0000:4101       __SCREENIO
 0000:413D       __VALIDATEXY
 0000:41A2       __SCROLL
 0000:42FE       _sound
 0000:432A       _nosound
 0000:4331       __wherexy
 0000:433B       _wherex
 0000:434A       _wherey
 0000:435D       __chmod
 0000:4378       _close
 0000:439E       __close
 0000:43BC       _eof
 0000:4433       _fclose
 0000:44A8       _fflush
 0000:4525       _flushall
 0000:4611       __OPENFP
 0000:46A5       __GETFP
 0000:46D0       _fopen
 0000:46EF       _fprintf
 0000:47D8       _fread
 0000:4880       _fseek
 0000:48E4       _ftell
 0000:492F       _fwrite
 0000:49F9       __fgetc
 0000:4A0A       __Nfgetc
 0000:4A0A       _fgetc
 0000:4AB5       _fgetchar
 0000:4ABE       _memcpy
 0000:4B08       _open
 0000:4C54       __open
 0000:4CA1       _printf
 0000:4CB8       __fputc
 0000:4CCF       _fputc
 0000:4DF4       _fputchar
 0000:4E05       __FPUTN
 0000:4F96       ___read
 0000:505E       _scanf
 0000:507C       _setvbuf
 0000:5146       _strcat
 0000:517F       _strlen
 0000:5199       __Nungetc
 0000:5199       _ungetc
 0000:51E1       ___write
 0000:52E5       __write
 0000:531F       __xfclose
 0000:5345       __xfflush
 0537:0178       ___move
 0537:0193       _grapherrormsg
 0537:030D       _graphresult
 0537:0329       __GraphNotInstalled
 0537:03F3       _registerfarbgidriver
 0537:04AC       _registerfarbgifont
 0537:0580       _setgraphbufsize
 0537:05B7       _getmoderange
 0537:0656       _detectgraph
 0537:0884       _graphdefaults
 0537:096A       _initgraph
 0537:0BDE       _installuserdriver
 0537:0CCC       _installuserfont
 0537:0D76       _setgraphmode
 0537:0DFE       _getgraphmode
 0537:0E21       _restorecrtmode
 0537:0E53       _closegraph
 0537:0EFD       _cleardevice
 0537:0F18       _setviewport
 0537:0F94       _getviewsettings
 0537:0FB3       _clearviewport
 0537:1024       _moveto
 0537:104B       _moverel
 0537:106B       _getx
 0537:107A       _gety
 0537:1089       _getmaxx
 0537:109C       _getmaxy
 0537:10AF       _getdrivername
 0537:10D5       _getmodename
 0537:10F9       _lineto
 0537:1120       _linerel
 0537:115B       _getlinesettings
 0537:117A       _setlinestyle
 0537:11BD       _rectangle
 0537:1213       _getfillsettings
 0537:1230       _setfillstyle
 0537:1264       _getfillpattern
 0537:1284       _setfillpattern
 0537:12FB       _arc
 0537:1326       _circle
 0537:1352       _getaspectratio
 0537:1370       _setaspectratio
 0537:1388       _pieslice
 0537:13B3       _setbkcolor
 0537:13ED       _getcolor
 0537:13FE       _getbkcolor
 0537:140F       _setallpalette
 0537:14B5       _setpalette
 0537:14F8       _getpalette
 0537:1517       _imagesize
 0537:154C       _putimage
 0537:15DB       _gettextsettings
 0537:15FA       _outtext
 0537:1648       _settextjustify
 0537:1689       _settextstyle
 0537:1858       _setusercharsize
 0537:187E       _textheight
 0537:188F       @DGROUP
 0537:18D3       _postdevice
 0537:18EA       __installdevice
 0537:18EF       __reinstalldevice
 0537:1933       __gr_setviewport
 0537:195F       __gr_setgraphmode
 0537:1995       __gr_restorecrtmode
 0537:19D4       _setvisualpage
 0537:19F7       _setactivepage
 0537:1A1D       _setwritemode
 0537:1A40       __gr_setfillpattern
 0537:1A73       __gr_settextjustify
 0537:1A90       __gr_imagesize
 0537:1AE1       __autodetect
 0537:1B52       __gr_detectgraph
 0537:1B8F       __initdevice
 0537:1BB4       __gr_cleardevice
 0537:1BCB       __gr_moveto
 0537:1BE8       __gr_lineto
 0537:1C05       _line
 0537:1C28       _drawpoly
 0537:1C48       _fillpoly
 0537:1C68       _bar
 0537:1C8B       _bar3d
 0537:1CCC       _ellipse
 0537:1CFC       _fillellipse
 0537:1D39       _sector
 0537:1D69       _getarccoords
 0537:1D92       _setcolor
 0537:1DB3       _getmaxcolor
 0537:1DCE       _getpalettesize
 0537:1DE9       _getdefaultpalette
 0537:1E06       __gr_getmodename
 0537:1E27       _getmaxmode
 0537:1E43       __gr_setbkcolor
 0537:1E62       _setrgbpalette
 0537:1E88       __gr_setpalette
 0537:1EA7       __gr_setallpalette
 0537:1EC2       __gr_setlinestyle
 0537:1EEB       _floodfill
 0537:1F30       __gr_setfillstyle
 0537:1F60       _outtextxy
 0537:1F96       __gr_settextstyle
 0537:1FE7       __gr_setusercharsize
 0537:200D       _textwidth
 0537:203A       __gr_textheight
 0537:205B       _getpixel
 0537:207C       _putpixel
 0537:209C       _getimage
 0537:20D9       __gr_putimage
 0537:22C0       __GRP_ovr
 08FD:2152       e086_Entry
 08FD:26E0       e086_Shortcut
 0B75:0306       e087_Entry
 0B75:03C6       e087_Shortcut
 0B75:0430       e087_Trap
 0BD2:0000       DATASEG@
 0BD2:0074       __Int0Vector
 0BD2:0078       __Int4Vector
 0BD2:007C       __Int5Vector
 0BD2:0080       __Int6Vector
 0BD2:0084       __C0argc
 0BD2:0086       __C0argv
 0BD2:0088       __C0environ
 0BD2:008A       __envLng
 0BD2:008C       __envseg
 0BD2:008E       __envSize
 0BD2:0090       __psp
 0BD2:0092       __osversion
 0BD2:0092       __osmajor
 0BD2:0092       __version
 0BD2:0093       __osminor
 0BD2:0094       _errno
 0BD2:0096       __StartTime
 0BD2:009A       ___heapbase
 0BD2:009C       ___brklvl
 0BD2:009E       __heapbase
 0BD2:00A2       __brklvl
 0BD2:00A6       __heaptop
 0BD2:00AA       _x
 0BD2:00AC       _y
 0BD2:00AE       _marble
 0BD2:00B0       _marble_color
 0BD2:00B2       _p
 0BD2:00B4       _area
 0BD2:00B6       _board
 0BD2:0340       __BGI_ovr
 0BD2:0344       __BGI_auto
 0BD2:04DD       __DDO_ADD
 0BD2:04E1       __BGI_ADD
 0BD2:055A       __gr_ErrCode
 0BD2:055C       __FON_ADD
 0BD2:0560       __StatOfs
 0BD2:0562       __StatSeg
 0BD2:0564       __drawcolor
 0BD2:0565       __fillcolor
 0BD2:0566       __backcolor
 0BD2:0567       __linestyle
 0BD2:0568       __fillstyle
 0BD2:056F       __OverScanColor
 0BD2:09B0       __8087
 0BD2:09C0       __protected
 0BD2:09C1       __LDT
 0BD2:09C4       __default87
 0BD2:0AE0       __emu
 0BD2:0BF0       __atexitcnt
 0BD2:0BF2       __ctype
 0BD2:0CF4       __exitbuf
 0BD2:0CF6       __exitfopen
 0BD2:0CF8       __exitopen
 0BD2:0CFA       __streams
 0BD2:0E3A       __nfile
 0BD2:0E3C       __openfd
 0BD2:0E64       __fmode
 0BD2:0E66       __notUmask
 0BD2:0E68       __fpstklen
 0BD2:0E6A       __heaplen
 0BD2:0E6C       __doserrno
 0BD2:0E6E       __dosErrorToSV
 0BD2:0F52       __stklen
 0BD2:0FBC       __wscroll
 0BD2:0FBE       __video
 0BD2:0FCD       _directvideo
 0BD2:100C       __cFlag
 0BD2:100D       __cChar
 0BD2:100E       __first
 0BD2:1010       __last
 0BD2:1012       __rover
 0BD2:101A       __RealCvtVector
 0BD2:101E       __ScanTodVector
 0BD2:1042       __atexittbl
 0BD2:1092       ___SignalPtr

Program entry point at 0000:0000

